08:46:03 **** Rebuild of configuration Debug for project W6100_Loopback ****
Info: Internal Builder is used for build
arm-atollic-eabi-gcc -c ..\..\..\Libraries\STM32F10x_StdPeriph_Driver\src\stm32f10x_dac.c -mthumb -mcpu=cortex-m3 -std=gnu11 -DSTM32F10X_HD -DUSE_STDPERIPH_DRIVER -DSTM32F103VC -I/src -I/../../Libraries/STM32F10x_StdPeriph_Driver/inc -I/../../Libraries/CMSIS/Device/ST/STM32F10x/Include -I/../../Libraries/io6Library/Application/loopback -I/../../Libraries/CMSIS/Include -I/../../Libraries/io6Library/Ethernet/W6100 -I/../../Libraries/io6Library/Application -I/../../Libraries/io6Library/Ethernet -O0 -ffunction-sections -fdata-sections -g -fstack-usage -Wall -specs=nano.specs -o STM32F10x_StdPeriph_Driver\stm32f10x_dac.o 
..\..\..\Libraries\STM32F10x_StdPeriph_Driver\src\stm32f10x_dac.c:29:27: fatal error: stm32f10x_dac.h: No such file or directory
 #include "stm32f10x_dac.h"
                           ^
compilation terminated.
08:46:25 **** Incremental Build of configuration Debug for project W6100_Loopback ****
Info: Internal Builder is used for build
arm-atollic-eabi-gcc -c ..\..\..\Libraries\STM32F10x_StdPeriph_Driver\src\misc.c -mthumb -mcpu=cortex-m3 -std=gnu11 -DSTM32F10X_HD -DUSE_STDPERIPH_DRIVER -DSTM32F103VC -II:/99_GitHub/WIZet_Reference/W6100/W6100_EVB/TrueStudio/W6100_Loopback/src -II:/99_GitHub/WIZet_Reference/W6100/W6100_EVB/TrueStudio/W6100_Loopback/../../Libraries/STM32F10x_StdPeriph_Driver/inc -II:/99_GitHub/WIZet_Reference/W6100/W6100_EVB/TrueStudio/W6100_Loopback/../../Libraries/CMSIS/Device/ST/STM32F10x/Include -II:/99_GitHub/WIZet_Reference/W6100/W6100_EVB/TrueStudio/W6100_Loopback/../../Libraries/io6Library/Application/loopback -II:/99_GitHub/WIZet_Reference/W6100/W6100_EVB/TrueStudio/W6100_Loopback/../../Libraries/CMSIS/Include -II:/99_GitHub/WIZet_Reference/W6100/W6100_EVB/TrueStudio/W6100_Loopback/../../Libraries/io6Library/Ethernet/W6100 -II:/99_GitHub/WIZet_Reference/W6100/W6100_EVB/TrueStudio/W6100_Loopback/../../Libraries/io6Library/Application -II:/99_GitHub/WIZet_Reference/W6100/W6100_EVB/TrueStudio/W6100_Loopback/../../Libraries/io6Library/Ethernet -O0 -ffunction-sections -fdata-sections -g -fstack-usage -Wall -specs=nano.specs -o STM32F10x_StdPeriph_Driver\misc.o 
arm-atollic-eabi-gcc -c ..\..\..\Libraries\STM32F10x_StdPeriph_Driver\src\stm32f10x_flash.c -mthumb -mcpu=cortex-m3 -std=gnu11 -DSTM32F10X_HD -DUSE_STDPERIPH_DRIVER -DSTM32F103VC -II:/99_GitHub/WIZet_Reference/W6100/W6100_EVB/TrueStudio/W6100_Loopback/src -II:/99_GitHub/WIZet_Reference/W6100/W6100_EVB/TrueStudio/W6100_Loopback/../../Libraries/STM32F10x_StdPeriph_Driver/inc -II:/99_GitHub/WIZet_Reference/W6100/W6100_EVB/TrueStudio/W6100_Loopback/../../Libraries/CMSIS/Device/ST/STM32F10x/Include -II:/99_GitHub/WIZet_Reference/W6100/W6100_EVB/TrueStudio/W6100_Loopback/../../Libraries/io6Library/Application/loopback -II:/99_GitHub/WIZet_Reference/W6100/W6100_EVB/TrueStudio/W6100_Loopback/../../Libraries/CMSIS/Include -II:/99_GitHub/WIZet_Reference/W6100/W6100_EVB/TrueStudio/W6100_Loopback/../../Libraries/io6Library/Ethernet/W6100 -II:/99_GitHub/WIZet_Reference/W6100/W6100_EVB/TrueStudio/W6100_Loopback/../../Libraries/io6Library/Application -II:/99_GitHub/WIZet_Reference/W6100/W6100_EVB/TrueStudio/W6100_Loopback/../../Libraries/io6Library/Ethernet -O0 -ffunction-sections -fdata-sections -g -fstack-usage -Wall -specs=nano.specs -o STM32F10x_StdPeriph_Driver\stm32f10x_flash.o 
arm-atollic-eabi-gcc -c ..\src\system_stm32f10x.c -mthumb -mcpu=cortex-m3 -std=gnu11 -DSTM32F10X_HD -DUSE_STDPERIPH_DRIVER -DSTM32F103VC -II:/99_GitHub/WIZet_Reference/W6100/W6100_EVB/TrueStudio/W6100_Loopback/src -II:/99_GitHub/WIZet_Reference/W6100/W6100_EVB/TrueStudio/W6100_Loopback/../../Libraries/STM32F10x_StdPeriph_Driver/inc -II:/99_GitHub/WIZet_Reference/W6100/W6100_EVB/TrueStudio/W6100_Loopback/../../Libraries/CMSIS/Device/ST/STM32F10x/Include -II:/99_GitHub/WIZet_Reference/W6100/W6100_EVB/TrueStudio/W6100_Loopback/../../Libraries/io6Library/Application/loopback -II:/99_GitHub/WIZet_Reference/W6100/W6100_EVB/TrueStudio/W6100_Loopback/../../Libraries/CMSIS/Include -II:/99_GitHub/WIZet_Reference/W6100/W6100_EVB/TrueStudio/W6100_Loopback/../../Libraries/io6Library/Ethernet/W6100 -II:/99_GitHub/WIZet_Reference/W6100/W6100_EVB/TrueStudio/W6100_Loopback/../../Libraries/io6Library/Application -II:/99_GitHub/WIZet_Reference/W6100/W6100_EVB/TrueStudio/W6100_Loopback/../../Libraries/io6Library/Ethernet -O0 -ffunction-sections -fdata-sections -g -fstack-usage -Wall -specs=nano.specs -o src\system_stm32f10x.o 
arm-atollic-eabi-gcc -c ..\..\..\Libraries\STM32F10x_StdPeriph_Driver\src\stm32f10x_cec.c -mthumb -mcpu=cortex-m3 -std=gnu11 -DSTM32F10X_HD -DUSE_STDPERIPH_DRIVER -DSTM32F103VC -II:/99_GitHub/WIZet_Reference/W6100/W6100_EVB/TrueStudio/W6100_Loopback/src -II:/99_GitHub/WIZet_Reference/W6100/W6100_EVB/TrueStudio/W6100_Loopback/../../Libraries/STM32F10x_StdPeriph_Driver/inc -II:/99_GitHub/WIZet_Reference/W6100/W6100_EVB/TrueStudio/W6100_Loopback/../../Libraries/CMSIS/Device/ST/STM32F10x/Include -II:/99_GitHub/WIZet_Reference/W6100/W6100_EVB/TrueStudio/W6100_Loopback/../../Libraries/io6Library/Application/loopback -II:/99_GitHub/WIZet_Reference/W6100/W6100_EVB/TrueStudio/W6100_Loopback/../../Libraries/CMSIS/Include -II:/99_GitHub/WIZet_Reference/W6100/W6100_EVB/TrueStudio/W6100_Loopback/../../Libraries/io6Library/Ethernet/W6100 -II:/99_GitHub/WIZet_Reference/W6100/W6100_EVB/TrueStudio/W6100_Loopback/../../Libraries/io6Library/Application -II:/99_GitHub/WIZet_Reference/W6100/W6100_EVB/TrueStudio/W6100_Loopback/../../Libraries/io6Library/Ethernet -O0 -ffunction-sections -fdata-sections -g -fstack-usage -Wall -specs=nano.specs -o STM32F10x_StdPeriph_Driver\stm32f10x_cec.o 
arm-atollic-eabi-gcc -c ..\..\..\Libraries\STM32F10x_StdPeriph_Driver\src\stm32f10x_rcc.c -mthumb -mcpu=cortex-m3 -std=gnu11 -DSTM32F10X_HD -DUSE_STDPERIPH_DRIVER -DSTM32F103VC -II:/99_GitHub/WIZet_Reference/W6100/W6100_EVB/TrueStudio/W6100_Loopback/src -II:/99_GitHub/WIZet_Reference/W6100/W6100_EVB/TrueStudio/W6100_Loopback/../../Libraries/STM32F10x_StdPeriph_Driver/inc -II:/99_GitHub/WIZet_Reference/W6100/W6100_EVB/TrueStudio/W6100_Loopback/../../Libraries/CMSIS/Device/ST/STM32F10x/Include -II:/99_GitHub/WIZet_Reference/W6100/W6100_EVB/TrueStudio/W6100_Loopback/../../Libraries/io6Library/Application/loopback -II:/99_GitHub/WIZet_Reference/W6100/W6100_EVB/TrueStudio/W6100_Loopback/../../Libraries/CMSIS/Include -II:/99_GitHub/WIZet_Reference/W6100/W6100_EVB/TrueStudio/W6100_Loopback/../../Libraries/io6Library/Ethernet/W6100 -II:/99_GitHub/WIZet_Reference/W6100/W6100_EVB/TrueStudio/W6100_Loopback/../../Libraries/io6Library/Application -II:/99_GitHub/WIZet_Reference/W6100/W6100_EVB/TrueStudio/W6100_Loopback/../../Libraries/io6Library/Ethernet -O0 -ffunction-sections -fdata-sections -g -fstack-usage -Wall -specs=nano.specs -o STM32F10x_StdPeriph_Driver\stm32f10x_rcc.o 
arm-atollic-eabi-gcc -c ..\..\..\Libraries\STM32F10x_StdPeriph_Driver\src\stm32f10x_adc.c -mthumb -mcpu=cortex-m3 -std=gnu11 -DSTM32F10X_HD -DUSE_STDPERIPH_DRIVER -DSTM32F103VC -II:/99_GitHub/WIZet_Reference/W6100/W6100_EVB/TrueStudio/W6100_Loopback/src -II:/99_GitHub/WIZet_Reference/W6100/W6100_EVB/TrueStudio/W6100_Loopback/../../Libraries/STM32F10x_StdPeriph_Driver/inc -II:/99_GitHub/WIZet_Reference/W6100/W6100_EVB/TrueStudio/W6100_Loopback/../../Libraries/CMSIS/Device/ST/STM32F10x/Include -II:/99_GitHub/WIZet_Reference/W6100/W6100_EVB/TrueStudio/W6100_Loopback/../../Libraries/io6Library/Application/loopback -II:/99_GitHub/WIZet_Reference/W6100/W6100_EVB/TrueStudio/W6100_Loopback/../../Libraries/CMSIS/Include -II:/99_GitHub/WIZet_Reference/W6100/W6100_EVB/TrueStudio/W6100_Loopback/../../Libraries/io6Library/Ethernet/W6100 -II:/99_GitHub/WIZet_Reference/W6100/W6100_EVB/TrueStudio/W6100_Loopback/../../Libraries/io6Library/Application -II:/99_GitHub/WIZet_Reference/W6100/W6100_EVB/TrueStudio/W6100_Loopback/../../Libraries/io6Library/Ethernet -O0 -ffunction-sections -fdata-sections -g -fstack-usage -Wall -specs=nano.specs -o STM32F10x_StdPeriph_Driver\stm32f10x_adc.o 
arm-atollic-eabi-gcc -c ..\..\..\Libraries\STM32F10x_StdPeriph_Driver\src\stm32f10x_bkp.c -mthumb -mcpu=cortex-m3 -std=gnu11 -DSTM32F10X_HD -DUSE_STDPERIPH_DRIVER -DSTM32F103VC -II:/99_GitHub/WIZet_Reference/W6100/W6100_EVB/TrueStudio/W6100_Loopback/src -II:/99_GitHub/WIZet_Reference/W6100/W6100_EVB/TrueStudio/W6100_Loopback/../../Libraries/STM32F10x_StdPeriph_Driver/inc -II:/99_GitHub/WIZet_Reference/W6100/W6100_EVB/TrueStudio/W6100_Loopback/../../Libraries/CMSIS/Device/ST/STM32F10x/Include -II:/99_GitHub/WIZet_Reference/W6100/W6100_EVB/TrueStudio/W6100_Loopback/../../Libraries/io6Library/Application/loopback -II:/99_GitHub/WIZet_Reference/W6100/W6100_EVB/TrueStudio/W6100_Loopback/../../Libraries/CMSIS/Include -II:/99_GitHub/WIZet_Reference/W6100/W6100_EVB/TrueStudio/W6100_Loopback/../../Libraries/io6Library/Ethernet/W6100 -II:/99_GitHub/WIZet_Reference/W6100/W6100_EVB/TrueStudio/W6100_Loopback/../../Libraries/io6Library/Application -II:/99_GitHub/WIZet_Reference/W6100/W6100_EVB/TrueStudio/W6100_Loopback/../../Libraries/io6Library/Ethernet -O0 -ffunction-sections -fdata-sections -g -fstack-usage -Wall -specs=nano.specs -o STM32F10x_StdPeriph_Driver\stm32f10x_bkp.o 
arm-atollic-eabi-gcc -c ..\..\..\Libraries\STM32F10x_StdPeriph_Driver\src\stm32f10x_fsmc.c -mthumb -mcpu=cortex-m3 -std=gnu11 -DSTM32F10X_HD -DUSE_STDPERIPH_DRIVER -DSTM32F103VC -II:/99_GitHub/WIZet_Reference/W6100/W6100_EVB/TrueStudio/W6100_Loopback/src -II:/99_GitHub/WIZet_Reference/W6100/W6100_EVB/TrueStudio/W6100_Loopback/../../Libraries/STM32F10x_StdPeriph_Driver/inc -II:/99_GitHub/WIZet_Reference/W6100/W6100_EVB/TrueStudio/W6100_Loopback/../../Libraries/CMSIS/Device/ST/STM32F10x/Include -II:/99_GitHub/WIZet_Reference/W6100/W6100_EVB/TrueStudio/W6100_Loopback/../../Libraries/io6Library/Application/loopback -II:/99_GitHub/WIZet_Reference/W6100/W6100_EVB/TrueStudio/W6100_Loopback/../../Libraries/CMSIS/Include -II:/99_GitHub/WIZet_Reference/W6100/W6100_EVB/TrueStudio/W6100_Loopback/../../Libraries/io6Library/Ethernet/W6100 -II:/99_GitHub/WIZet_Reference/W6100/W6100_EVB/TrueStudio/W6100_Loopback/../../Libraries/io6Library/Application -II:/99_GitHub/WIZet_Reference/W6100/W6100_EVB/TrueStudio/W6100_Loopback/../../Libraries/io6Library/Ethernet -O0 -ffunction-sections -fdata-sections -g -fstack-usage -Wall -specs=nano.specs -o STM32F10x_StdPeriph_Driver\stm32f10x_fsmc.o 
arm-atollic-eabi-gcc -c ..\..\..\Libraries\STM32F10x_StdPeriph_Driver\src\stm32f10x_crc.c -mthumb -mcpu=cortex-m3 -std=gnu11 -DSTM32F10X_HD -DUSE_STDPERIPH_DRIVER -DSTM32F103VC -II:/99_GitHub/WIZet_Reference/W6100/W6100_EVB/TrueStudio/W6100_Loopback/src -II:/99_GitHub/WIZet_Reference/W6100/W6100_EVB/TrueStudio/W6100_Loopback/../../Libraries/STM32F10x_StdPeriph_Driver/inc -II:/99_GitHub/WIZet_Reference/W6100/W6100_EVB/TrueStudio/W6100_Loopback/../../Libraries/CMSIS/Device/ST/STM32F10x/Include -II:/99_GitHub/WIZet_Reference/W6100/W6100_EVB/TrueStudio/W6100_Loopback/../../Libraries/io6Library/Application/loopback -II:/99_GitHub/WIZet_Reference/W6100/W6100_EVB/TrueStudio/W6100_Loopback/../../Libraries/CMSIS/Include -II:/99_GitHub/WIZet_Reference/W6100/W6100_EVB/TrueStudio/W6100_Loopback/../../Libraries/io6Library/Ethernet/W6100 -II:/99_GitHub/WIZet_Reference/W6100/W6100_EVB/TrueStudio/W6100_Loopback/../../Libraries/io6Library/Application -II:/99_GitHub/WIZet_Reference/W6100/W6100_EVB/TrueStudio/W6100_Loopback/../../Libraries/io6Library/Ethernet -O0 -ffunction-sections -fdata-sections -g -fstack-usage -Wall -specs=nano.specs -o STM32F10x_StdPeriph_Driver\stm32f10x_crc.o 
arm-atollic-eabi-gcc -c ..\..\..\Libraries\io6Library\Ethernet\W6100\w6100.c -mthumb -mcpu=cortex-m3 -std=gnu11 -DSTM32F10X_HD -DUSE_STDPERIPH_DRIVER -DSTM32F103VC -II:/99_GitHub/WIZet_Reference/W6100/W6100_EVB/TrueStudio/W6100_Loopback/src -II:/99_GitHub/WIZet_Reference/W6100/W6100_EVB/TrueStudio/W6100_Loopback/../../Libraries/STM32F10x_StdPeriph_Driver/inc -II:/99_GitHub/WIZet_Reference/W6100/W6100_EVB/TrueStudio/W6100_Loopback/../../Libraries/CMSIS/Device/ST/STM32F10x/Include -II:/99_GitHub/WIZet_Reference/W6100/W6100_EVB/TrueStudio/W6100_Loopback/../../Libraries/io6Library/Application/loopback -II:/99_GitHub/WIZet_Reference/W6100/W6100_EVB/TrueStudio/W6100_Loopback/../../Libraries/CMSIS/Include -II:/99_GitHub/WIZet_Reference/W6100/W6100_EVB/TrueStudio/W6100_Loopback/../../Libraries/io6Library/Ethernet/W6100 -II:/99_GitHub/WIZet_Reference/W6100/W6100_EVB/TrueStudio/W6100_Loopback/../../Libraries/io6Library/Application -II:/99_GitHub/WIZet_Reference/W6100/W6100_EVB/TrueStudio/W6100_Loopback/../../Libraries/io6Library/Ethernet -O0 -ffunction-sections -fdata-sections -g -fstack-usage -Wall -specs=nano.specs -o Ethernet\W6100\w6100.o 
arm-atollic-eabi-gcc -c ..\..\..\Libraries\STM32F10x_StdPeriph_Driver\src\stm32f10x_pwr.c -mthumb -mcpu=cortex-m3 -std=gnu11 -DSTM32F10X_HD -DUSE_STDPERIPH_DRIVER -DSTM32F103VC -II:/99_GitHub/WIZet_Reference/W6100/W6100_EVB/TrueStudio/W6100_Loopback/src -II:/99_GitHub/WIZet_Reference/W6100/W6100_EVB/TrueStudio/W6100_Loopback/../../Libraries/STM32F10x_StdPeriph_Driver/inc -II:/99_GitHub/WIZet_Reference/W6100/W6100_EVB/TrueStudio/W6100_Loopback/../../Libraries/CMSIS/Device/ST/STM32F10x/Include -II:/99_GitHub/WIZet_Reference/W6100/W6100_EVB/TrueStudio/W6100_Loopback/../../Libraries/io6Library/Application/loopback -II:/99_GitHub/WIZet_Reference/W6100/W6100_EVB/TrueStudio/W6100_Loopback/../../Libraries/CMSIS/Include -II:/99_GitHub/WIZet_Reference/W6100/W6100_EVB/TrueStudio/W6100_Loopback/../../Libraries/io6Library/Ethernet/W6100 -II:/99_GitHub/WIZet_Reference/W6100/W6100_EVB/TrueStudio/W6100_Loopback/../../Libraries/io6Library/Application -II:/99_GitHub/WIZet_Reference/W6100/W6100_EVB/TrueStudio/W6100_Loopback/../../Libraries/io6Library/Ethernet -O0 -ffunction-sections -fdata-sections -g -fstack-usage -Wall -specs=nano.specs -o STM32F10x_StdPeriph_Driver\stm32f10x_pwr.o 
arm-atollic-eabi-gcc -c ..\..\..\Libraries\STM32F10x_StdPeriph_Driver\src\stm32f10x_sdio.c -mthumb -mcpu=cortex-m3 -std=gnu11 -DSTM32F10X_HD -DUSE_STDPERIPH_DRIVER -DSTM32F103VC -II:/99_GitHub/WIZet_Reference/W6100/W6100_EVB/TrueStudio/W6100_Loopback/src -II:/99_GitHub/WIZet_Reference/W6100/W6100_EVB/TrueStudio/W6100_Loopback/../../Libraries/STM32F10x_StdPeriph_Driver/inc -II:/99_GitHub/WIZet_Reference/W6100/W6100_EVB/TrueStudio/W6100_Loopback/../../Libraries/CMSIS/Device/ST/STM32F10x/Include -II:/99_GitHub/WIZet_Reference/W6100/W6100_EVB/TrueStudio/W6100_Loopback/../../Libraries/io6Library/Application/loopback -II:/99_GitHub/WIZet_Reference/W6100/W6100_EVB/TrueStudio/W6100_Loopback/../../Libraries/CMSIS/Include -II:/99_GitHub/WIZet_Reference/W6100/W6100_EVB/TrueStudio/W6100_Loopback/../../Libraries/io6Library/Ethernet/W6100 -II:/99_GitHub/WIZet_Reference/W6100/W6100_EVB/TrueStudio/W6100_Loopback/../../Libraries/io6Library/Application -II:/99_GitHub/WIZet_Reference/W6100/W6100_EVB/TrueStudio/W6100_Loopback/../../Libraries/io6Library/Ethernet -O0 -ffunction-sections -fdata-sections -g -fstack-usage -Wall -specs=nano.specs -o STM32F10x_StdPeriph_Driver\stm32f10x_sdio.o 
arm-atollic-eabi-gcc -c ..\..\..\Libraries\io6Library\Ethernet\wizchip_conf.c -mthumb -mcpu=cortex-m3 -std=gnu11 -DSTM32F10X_HD -DUSE_STDPERIPH_DRIVER -DSTM32F103VC -II:/99_GitHub/WIZet_Reference/W6100/W6100_EVB/TrueStudio/W6100_Loopback/src -II:/99_GitHub/WIZet_Reference/W6100/W6100_EVB/TrueStudio/W6100_Loopback/../../Libraries/STM32F10x_StdPeriph_Driver/inc -II:/99_GitHub/WIZet_Reference/W6100/W6100_EVB/TrueStudio/W6100_Loopback/../../Libraries/CMSIS/Device/ST/STM32F10x/Include -II:/99_GitHub/WIZet_Reference/W6100/W6100_EVB/TrueStudio/W6100_Loopback/../../Libraries/io6Library/Application/loopback -II:/99_GitHub/WIZet_Reference/W6100/W6100_EVB/TrueStudio/W6100_Loopback/../../Libraries/CMSIS/Include -II:/99_GitHub/WIZet_Reference/W6100/W6100_EVB/TrueStudio/W6100_Loopback/../../Libraries/io6Library/Ethernet/W6100 -II:/99_GitHub/WIZet_Reference/W6100/W6100_EVB/TrueStudio/W6100_Loopback/../../Libraries/io6Library/Application -II:/99_GitHub/WIZet_Reference/W6100/W6100_EVB/TrueStudio/W6100_Loopback/../../Libraries/io6Library/Ethernet -O0 -ffunction-sections -fdata-sections -g -fstack-usage -Wall -specs=nano.specs -o Ethernet\wizchip_conf.o 
arm-atollic-eabi-gcc -c ..\..\..\Libraries\STM32F10x_StdPeriph_Driver\src\stm32f10x_dma.c -mthumb -mcpu=cortex-m3 -std=gnu11 -DSTM32F10X_HD -DUSE_STDPERIPH_DRIVER -DSTM32F103VC -II:/99_GitHub/WIZet_Reference/W6100/W6100_EVB/TrueStudio/W6100_Loopback/src -II:/99_GitHub/WIZet_Reference/W6100/W6100_EVB/TrueStudio/W6100_Loopback/../../Libraries/STM32F10x_StdPeriph_Driver/inc -II:/99_GitHub/WIZet_Reference/W6100/W6100_EVB/TrueStudio/W6100_Loopback/../../Libraries/CMSIS/Device/ST/STM32F10x/Include -II:/99_GitHub/WIZet_Reference/W6100/W6100_EVB/TrueStudio/W6100_Loopback/../../Libraries/io6Library/Application/loopback -II:/99_GitHub/WIZet_Reference/W6100/W6100_EVB/TrueStudio/W6100_Loopback/../../Libraries/CMSIS/Include -II:/99_GitHub/WIZet_Reference/W6100/W6100_EVB/TrueStudio/W6100_Loopback/../../Libraries/io6Library/Ethernet/W6100 -II:/99_GitHub/WIZet_Reference/W6100/W6100_EVB/TrueStudio/W6100_Loopback/../../Libraries/io6Library/Application -II:/99_GitHub/WIZet_Reference/W6100/W6100_EVB/TrueStudio/W6100_Loopback/../../Libraries/io6Library/Ethernet -O0 -ffunction-sections -fdata-sections -g -fstack-usage -Wall -specs=nano.specs -o STM32F10x_StdPeriph_Driver\stm32f10x_dma.o 
arm-atollic-eabi-gcc -c ..\src\W6100RelFunctions.c -mthumb -mcpu=cortex-m3 -std=gnu11 -DSTM32F10X_HD -DUSE_STDPERIPH_DRIVER -DSTM32F103VC -II:/99_GitHub/WIZet_Reference/W6100/W6100_EVB/TrueStudio/W6100_Loopback/src -II:/99_GitHub/WIZet_Reference/W6100/W6100_EVB/TrueStudio/W6100_Loopback/../../Libraries/STM32F10x_StdPeriph_Driver/inc -II:/99_GitHub/WIZet_Reference/W6100/W6100_EVB/TrueStudio/W6100_Loopback/../../Libraries/CMSIS/Device/ST/STM32F10x/Include -II:/99_GitHub/WIZet_Reference/W6100/W6100_EVB/TrueStudio/W6100_Loopback/../../Libraries/io6Library/Application/loopback -II:/99_GitHub/WIZet_Reference/W6100/W6100_EVB/TrueStudio/W6100_Loopback/../../Libraries/CMSIS/Include -II:/99_GitHub/WIZet_Reference/W6100/W6100_EVB/TrueStudio/W6100_Loopback/../../Libraries/io6Library/Ethernet/W6100 -II:/99_GitHub/WIZet_Reference/W6100/W6100_EVB/TrueStudio/W6100_Loopback/../../Libraries/io6Library/Application -II:/99_GitHub/WIZet_Reference/W6100/W6100_EVB/TrueStudio/W6100_Loopback/../../Libraries/io6Library/Ethernet -O0 -ffunction-sections -fdata-sections -g -fstack-usage -Wall -specs=nano.specs -o src\W6100RelFunctions.o 
..\src\W6100RelFunctions.c: In function 'W6100Initialze':
..\src\W6100RelFunctions.c:19:5: warning: implicit declaration of function 'printf' [-Wimplicit-function-declaration]
     printf("Unknown PHY link status.\r\n");
     ^~~~~~
..\src\W6100RelFunctions.c:19:5: warning: incompatible implicit declaration of built-in function 'printf'
..\src\W6100RelFunctions.c:19:5: note: include '<stdio.h>' or provide a declaration of 'printf'
..\src\W6100RelFunctions.c:22:2: warning: incompatible implicit declaration of built-in function 'printf'
  printf("PHY OK.\r\n");
  ^~~~~~
..\src\W6100RelFunctions.c:22:2: note: include '<stdio.h>' or provide a declaration of 'printf'
..\src\W6100RelFunctions.c: In function 'spiReadBurst':
..\src\W6100RelFunctions.c:60:42: warning: assignment makes integer from pointer without a cast [-Wint-conversion]
  DMA_TX_InitStructure.DMA_MemoryBaseAddr = &tempbuf;
                                          ^
..\src\W6100RelFunctions.c:65:42: warning: assignment makes integer from pointer without a cast [-Wint-conversion]
  DMA_RX_InitStructure.DMA_MemoryBaseAddr = pBuf;
                                          ^
..\src\W6100RelFunctions.c: In function 'spiWriteBurst':
..\src\W6100RelFunctions.c:86:42: warning: assignment makes integer from pointer without a cast [-Wint-conversion]
  DMA_TX_InitStructure.DMA_MemoryBaseAddr = pBuf;
                                          ^
..\src\W6100RelFunctions.c:90:42: warning: assignment makes integer from pointer without a cast [-Wint-conversion]
  DMA_RX_InitStructure.DMA_MemoryBaseAddr = &tempbuf;
                                          ^
..\src\W6100RelFunctions.c: In function 'busWriteBurst':
..\src\W6100RelFunctions.c:144:46: warning: assignment makes integer from pointer without a cast [-Wint-conversion]
  DMA_TX_InitStructure.DMA_PeripheralBaseAddr = pBuf;
                                              ^
..\src\W6100RelFunctions.c: In function 'busReadBurst':
..\src\W6100RelFunctions.c:171:43: warning: assignment makes integer from pointer without a cast [-Wint-conversion]
   DMA_RX_InitStructure.DMA_MemoryBaseAddr =pBuf;
                                           ^
..\src\W6100RelFunctions.c: In function 'W6100Reset':
..\src\W6100RelFunctions.c:214:2: warning: implicit declaration of function 'CoTickDelay' [-Wimplicit-function-declaration]
  CoTickDelay(10);
  ^~~~~~~~~~~
..\src\W6100RelFunctions.c:211:10: warning: variable 'k' set but not used [-Wunused-but-set-variable]
  int i,j,k;
          ^
..\src\W6100RelFunctions.c:211:8: warning: unused variable 'j' [-Wunused-variable]
  int i,j,k;
        ^
..\src\W6100RelFunctions.c:211:6: warning: unused variable 'i' [-Wunused-variable]
  int i,j,k;
      ^
..\src\W6100RelFunctions.c: In function 'spiReadBurst':
..\src\W6100RelFunctions.c:80:1: warning: control reaches end of non-void function [-Wreturn-type]
 }
 ^
arm-atollic-eabi-gcc -c ..\src\serialCommand.c -mthumb -mcpu=cortex-m3 -std=gnu11 -DSTM32F10X_HD -DUSE_STDPERIPH_DRIVER -DSTM32F103VC -II:/99_GitHub/WIZet_Reference/W6100/W6100_EVB/TrueStudio/W6100_Loopback/src -II:/99_GitHub/WIZet_Reference/W6100/W6100_EVB/TrueStudio/W6100_Loopback/../../Libraries/STM32F10x_StdPeriph_Driver/inc -II:/99_GitHub/WIZet_Reference/W6100/W6100_EVB/TrueStudio/W6100_Loopback/../../Libraries/CMSIS/Device/ST/STM32F10x/Include -II:/99_GitHub/WIZet_Reference/W6100/W6100_EVB/TrueStudio/W6100_Loopback/../../Libraries/io6Library/Application/loopback -II:/99_GitHub/WIZet_Reference/W6100/W6100_EVB/TrueStudio/W6100_Loopback/../../Libraries/CMSIS/Include -II:/99_GitHub/WIZet_Reference/W6100/W6100_EVB/TrueStudio/W6100_Loopback/../../Libraries/io6Library/Ethernet/W6100 -II:/99_GitHub/WIZet_Reference/W6100/W6100_EVB/TrueStudio/W6100_Loopback/../../Libraries/io6Library/Application -II:/99_GitHub/WIZet_Reference/W6100/W6100_EVB/TrueStudio/W6100_Loopback/../../Libraries/io6Library/Ethernet -O0 -ffunction-sections -fdata-sections -g -fstack-usage -Wall -specs=nano.specs -o src\serialCommand.o 
..\src\serialCommand.c: In function 'USART1_IRQHandler':
..\src\serialCommand.c:12:10: warning: unused variable 'recvData' [-Wunused-variable]
  uint8_t recvData;
          ^~~~~~~~
..\src\serialCommand.c:11:13: warning: unused variable 'flagStatus' [-Wunused-variable]
  FlagStatus flagStatus;
             ^~~~~~~~~~
..\src\serialCommand.c: In function 'gets_echo':
..\src\serialCommand.c:96:16: warning: pointer targets in passing argument 1 of 'queue_get' differ in signedness [-Wpointer-sign]
      queue_get(&buf[i]);
                ^
In file included from ..\src\serialCommand.c:4:0:
..\src\msgq.h:16:5: note: expected 'char *' but argument is of type 'uint8_t * {aka unsigned char *}'
 int queue_get(char *data);
     ^~~~~~~~~
..\src\serialCommand.c:107:16: warning: pointer targets in passing argument 2 of '_write' differ in signedness [-Wpointer-sign]
       _write(0,&buf[i],1);
                ^
..\src\serialCommand.c:49:5: note: expected 'char *' but argument is of type 'uint8_t * {aka unsigned char *}'
 int _write(int file, char *ptr, int len)
     ^~~~~~
arm-atollic-eabi-gcc -c ..\..\..\Libraries\STM32F10x_StdPeriph_Driver\src\stm32f10x_can.c -mthumb -mcpu=cortex-m3 -std=gnu11 -DSTM32F10X_HD -DUSE_STDPERIPH_DRIVER -DSTM32F103VC -II:/99_GitHub/WIZet_Reference/W6100/W6100_EVB/TrueStudio/W6100_Loopback/src -II:/99_GitHub/WIZet_Reference/W6100/W6100_EVB/TrueStudio/W6100_Loopback/../../Libraries/STM32F10x_StdPeriph_Driver/inc -II:/99_GitHub/WIZet_Reference/W6100/W6100_EVB/TrueStudio/W6100_Loopback/../../Libraries/CMSIS/Device/ST/STM32F10x/Include -II:/99_GitHub/WIZet_Reference/W6100/W6100_EVB/TrueStudio/W6100_Loopback/../../Libraries/io6Library/Application/loopback -II:/99_GitHub/WIZet_Reference/W6100/W6100_EVB/TrueStudio/W6100_Loopback/../../Libraries/CMSIS/Include -II:/99_GitHub/WIZet_Reference/W6100/W6100_EVB/TrueStudio/W6100_Loopback/../../Libraries/io6Library/Ethernet/W6100 -II:/99_GitHub/WIZet_Reference/W6100/W6100_EVB/TrueStudio/W6100_Loopback/../../Libraries/io6Library/Application -II:/99_GitHub/WIZet_Reference/W6100/W6100_EVB/TrueStudio/W6100_Loopback/../../Libraries/io6Library/Ethernet -O0 -ffunction-sections -fdata-sections -g -fstack-usage -Wall -specs=nano.specs -o STM32F10x_StdPeriph_Driver\stm32f10x_can.o 
arm-atollic-eabi-gcc -c ..\..\..\Libraries\STM32F10x_StdPeriph_Driver\src\stm32f10x_wwdg.c -mthumb -mcpu=cortex-m3 -std=gnu11 -DSTM32F10X_HD -DUSE_STDPERIPH_DRIVER -DSTM32F103VC -II:/99_GitHub/WIZet_Reference/W6100/W6100_EVB/TrueStudio/W6100_Loopback/src -II:/99_GitHub/WIZet_Reference/W6100/W6100_EVB/TrueStudio/W6100_Loopback/../../Libraries/STM32F10x_StdPeriph_Driver/inc -II:/99_GitHub/WIZet_Reference/W6100/W6100_EVB/TrueStudio/W6100_Loopback/../../Libraries/CMSIS/Device/ST/STM32F10x/Include -II:/99_GitHub/WIZet_Reference/W6100/W6100_EVB/TrueStudio/W6100_Loopback/../../Libraries/io6Library/Application/loopback -II:/99_GitHub/WIZet_Reference/W6100/W6100_EVB/TrueStudio/W6100_Loopback/../../Libraries/CMSIS/Include -II:/99_GitHub/WIZet_Reference/W6100/W6100_EVB/TrueStudio/W6100_Loopback/../../Libraries/io6Library/Ethernet/W6100 -II:/99_GitHub/WIZet_Reference/W6100/W6100_EVB/TrueStudio/W6100_Loopback/../../Libraries/io6Library/Application -II:/99_GitHub/WIZet_Reference/W6100/W6100_EVB/TrueStudio/W6100_Loopback/../../Libraries/io6Library/Ethernet -O0 -ffunction-sections -fdata-sections -g -fstack-usage -Wall -specs=nano.specs -o STM32F10x_StdPeriph_Driver\stm32f10x_wwdg.o 
arm-atollic-eabi-gcc -c ..\src\msgq.c -mthumb -mcpu=cortex-m3 -std=gnu11 -DSTM32F10X_HD -DUSE_STDPERIPH_DRIVER -DSTM32F103VC -II:/99_GitHub/WIZet_Reference/W6100/W6100_EVB/TrueStudio/W6100_Loopback/src -II:/99_GitHub/WIZet_Reference/W6100/W6100_EVB/TrueStudio/W6100_Loopback/../../Libraries/STM32F10x_StdPeriph_Driver/inc -II:/99_GitHub/WIZet_Reference/W6100/W6100_EVB/TrueStudio/W6100_Loopback/../../Libraries/CMSIS/Device/ST/STM32F10x/Include -II:/99_GitHub/WIZet_Reference/W6100/W6100_EVB/TrueStudio/W6100_Loopback/../../Libraries/io6Library/Application/loopback -II:/99_GitHub/WIZet_Reference/W6100/W6100_EVB/TrueStudio/W6100_Loopback/../../Libraries/CMSIS/Include -II:/99_GitHub/WIZet_Reference/W6100/W6100_EVB/TrueStudio/W6100_Loopback/../../Libraries/io6Library/Ethernet/W6100 -II:/99_GitHub/WIZet_Reference/W6100/W6100_EVB/TrueStudio/W6100_Loopback/../../Libraries/io6Library/Application -II:/99_GitHub/WIZet_Reference/W6100/W6100_EVB/TrueStudio/W6100_Loopback/../../Libraries/io6Library/Ethernet -O0 -ffunction-sections -fdata-sections -g -fstack-usage -Wall -specs=nano.specs -o src\msgq.o 
..\src\msgq.c: In function 'queue_put':
..\src\msgq.c:20:9: warning: implicit declaration of function 'printf' [-Wimplicit-function-declaration]
         printf("\n   Queue overflow.");
         ^~~~~~
..\src\msgq.c:20:9: warning: incompatible implicit declaration of built-in function 'printf'
..\src\msgq.c:20:9: note: include '<stdio.h>' or provide a declaration of 'printf'
..\src\msgq.c:25:25: warning: operation on 'serialMsgQueue.rear' may be undefined [-Wsequence-point]
     serialMsgQueue.rear = ++(serialMsgQueue.rear) % serialMsgQueue.maxQSize;
     ~~~~~~~~~~~~~~~~~~~~^~~~~~~~~~~~~~~~~~~~~~~~~~~~~~~~~~~~~~~~~~~~~~~~~~~
..\src\msgq.c: In function 'queue_get':
..\src\msgq.c:31:9: warning: incompatible implicit declaration of built-in function 'printf'
         printf("\n  Queue underflow.");
         ^~~~~~
..\src\msgq.c:31:9: note: include '<stdio.h>' or provide a declaration of 'printf'
..\src\msgq.c:36:26: warning: operation on 'serialMsgQueue.front' may be undefined [-Wsequence-point]
     serialMsgQueue.front = ++(serialMsgQueue.front) % serialMsgQueue.maxQSize;
     ~~~~~~~~~~~~~~~~~~~~~^~~~~~~~~~~~~~~~~~~~~~~~~~~~~~~~~~~~~~~~~~~~~~~~~~~~
arm-atollic-eabi-gcc -c ..\..\..\Libraries\STM32F10x_StdPeriph_Driver\src\stm32f10x_dac.c -mthumb -mcpu=cortex-m3 -std=gnu11 -DSTM32F10X_HD -DUSE_STDPERIPH_DRIVER -DSTM32F103VC -II:/99_GitHub/WIZet_Reference/W6100/W6100_EVB/TrueStudio/W6100_Loopback/src -II:/99_GitHub/WIZet_Reference/W6100/W6100_EVB/TrueStudio/W6100_Loopback/../../Libraries/STM32F10x_StdPeriph_Driver/inc -II:/99_GitHub/WIZet_Reference/W6100/W6100_EVB/TrueStudio/W6100_Loopback/../../Libraries/CMSIS/Device/ST/STM32F10x/Include -II:/99_GitHub/WIZet_Reference/W6100/W6100_EVB/TrueStudio/W6100_Loopback/../../Libraries/io6Library/Application/loopback -II:/99_GitHub/WIZet_Reference/W6100/W6100_EVB/TrueStudio/W6100_Loopback/../../Libraries/CMSIS/Include -II:/99_GitHub/WIZet_Reference/W6100/W6100_EVB/TrueStudio/W6100_Loopback/../../Libraries/io6Library/Ethernet/W6100 -II:/99_GitHub/WIZet_Reference/W6100/W6100_EVB/TrueStudio/W6100_Loopback/../../Libraries/io6Library/Application -II:/99_GitHub/WIZet_Reference/W6100/W6100_EVB/TrueStudio/W6100_Loopback/../../Libraries/io6Library/Ethernet -O0 -ffunction-sections -fdata-sections -g -fstack-usage -Wall -specs=nano.specs -o STM32F10x_StdPeriph_Driver\stm32f10x_dac.o 
arm-atollic-eabi-gcc -c ..\..\..\Libraries\STM32F10x_StdPeriph_Driver\src\stm32f10x_spi.c -mthumb -mcpu=cortex-m3 -std=gnu11 -DSTM32F10X_HD -DUSE_STDPERIPH_DRIVER -DSTM32F103VC -II:/99_GitHub/WIZet_Reference/W6100/W6100_EVB/TrueStudio/W6100_Loopback/src -II:/99_GitHub/WIZet_Reference/W6100/W6100_EVB/TrueStudio/W6100_Loopback/../../Libraries/STM32F10x_StdPeriph_Driver/inc -II:/99_GitHub/WIZet_Reference/W6100/W6100_EVB/TrueStudio/W6100_Loopback/../../Libraries/CMSIS/Device/ST/STM32F10x/Include -II:/99_GitHub/WIZet_Reference/W6100/W6100_EVB/TrueStudio/W6100_Loopback/../../Libraries/io6Library/Application/loopback -II:/99_GitHub/WIZet_Reference/W6100/W6100_EVB/TrueStudio/W6100_Loopback/../../Libraries/CMSIS/Include -II:/99_GitHub/WIZet_Reference/W6100/W6100_EVB/TrueStudio/W6100_Loopback/../../Libraries/io6Library/Ethernet/W6100 -II:/99_GitHub/WIZet_Reference/W6100/W6100_EVB/TrueStudio/W6100_Loopback/../../Libraries/io6Library/Application -II:/99_GitHub/WIZet_Reference/W6100/W6100_EVB/TrueStudio/W6100_Loopback/../../Libraries/io6Library/Ethernet -O0 -ffunction-sections -fdata-sections -g -fstack-usage -Wall -specs=nano.specs -o STM32F10x_StdPeriph_Driver\stm32f10x_spi.o 
arm-atollic-eabi-gcc -c ..\..\..\Libraries\STM32F10x_StdPeriph_Driver\src\stm32f10x_usart.c -mthumb -mcpu=cortex-m3 -std=gnu11 -DSTM32F10X_HD -DUSE_STDPERIPH_DRIVER -DSTM32F103VC -II:/99_GitHub/WIZet_Reference/W6100/W6100_EVB/TrueStudio/W6100_Loopback/src -II:/99_GitHub/WIZet_Reference/W6100/W6100_EVB/TrueStudio/W6100_Loopback/../../Libraries/STM32F10x_StdPeriph_Driver/inc -II:/99_GitHub/WIZet_Reference/W6100/W6100_EVB/TrueStudio/W6100_Loopback/../../Libraries/CMSIS/Device/ST/STM32F10x/Include -II:/99_GitHub/WIZet_Reference/W6100/W6100_EVB/TrueStudio/W6100_Loopback/../../Libraries/io6Library/Application/loopback -II:/99_GitHub/WIZet_Reference/W6100/W6100_EVB/TrueStudio/W6100_Loopback/../../Libraries/CMSIS/Include -II:/99_GitHub/WIZet_Reference/W6100/W6100_EVB/TrueStudio/W6100_Loopback/../../Libraries/io6Library/Ethernet/W6100 -II:/99_GitHub/WIZet_Reference/W6100/W6100_EVB/TrueStudio/W6100_Loopback/../../Libraries/io6Library/Application -II:/99_GitHub/WIZet_Reference/W6100/W6100_EVB/TrueStudio/W6100_Loopback/../../Libraries/io6Library/Ethernet -O0 -ffunction-sections -fdata-sections -g -fstack-usage -Wall -specs=nano.specs -o STM32F10x_StdPeriph_Driver\stm32f10x_usart.o 
arm-atollic-eabi-gcc -c ..\..\..\Libraries\STM32F10x_StdPeriph_Driver\src\stm32f10x_exti.c -mthumb -mcpu=cortex-m3 -std=gnu11 -DSTM32F10X_HD -DUSE_STDPERIPH_DRIVER -DSTM32F103VC -II:/99_GitHub/WIZet_Reference/W6100/W6100_EVB/TrueStudio/W6100_Loopback/src -II:/99_GitHub/WIZet_Reference/W6100/W6100_EVB/TrueStudio/W6100_Loopback/../../Libraries/STM32F10x_StdPeriph_Driver/inc -II:/99_GitHub/WIZet_Reference/W6100/W6100_EVB/TrueStudio/W6100_Loopback/../../Libraries/CMSIS/Device/ST/STM32F10x/Include -II:/99_GitHub/WIZet_Reference/W6100/W6100_EVB/TrueStudio/W6100_Loopback/../../Libraries/io6Library/Application/loopback -II:/99_GitHub/WIZet_Reference/W6100/W6100_EVB/TrueStudio/W6100_Loopback/../../Libraries/CMSIS/Include -II:/99_GitHub/WIZet_Reference/W6100/W6100_EVB/TrueStudio/W6100_Loopback/../../Libraries/io6Library/Ethernet/W6100 -II:/99_GitHub/WIZet_Reference/W6100/W6100_EVB/TrueStudio/W6100_Loopback/../../Libraries/io6Library/Application -II:/99_GitHub/WIZet_Reference/W6100/W6100_EVB/TrueStudio/W6100_Loopback/../../Libraries/io6Library/Ethernet -O0 -ffunction-sections -fdata-sections -g -fstack-usage -Wall -specs=nano.specs -o STM32F10x_StdPeriph_Driver\stm32f10x_exti.o 
arm-atollic-eabi-gcc -c ..\..\..\Libraries\STM32F10x_StdPeriph_Driver\src\stm32f10x_gpio.c -mthumb -mcpu=cortex-m3 -std=gnu11 -DSTM32F10X_HD -DUSE_STDPERIPH_DRIVER -DSTM32F103VC -II:/99_GitHub/WIZet_Reference/W6100/W6100_EVB/TrueStudio/W6100_Loopback/src -II:/99_GitHub/WIZet_Reference/W6100/W6100_EVB/TrueStudio/W6100_Loopback/../../Libraries/STM32F10x_StdPeriph_Driver/inc -II:/99_GitHub/WIZet_Reference/W6100/W6100_EVB/TrueStudio/W6100_Loopback/../../Libraries/CMSIS/Device/ST/STM32F10x/Include -II:/99_GitHub/WIZet_Reference/W6100/W6100_EVB/TrueStudio/W6100_Loopback/../../Libraries/io6Library/Application/loopback -II:/99_GitHub/WIZet_Reference/W6100/W6100_EVB/TrueStudio/W6100_Loopback/../../Libraries/CMSIS/Include -II:/99_GitHub/WIZet_Reference/W6100/W6100_EVB/TrueStudio/W6100_Loopback/../../Libraries/io6Library/Ethernet/W6100 -II:/99_GitHub/WIZet_Reference/W6100/W6100_EVB/TrueStudio/W6100_Loopback/../../Libraries/io6Library/Application -II:/99_GitHub/WIZet_Reference/W6100/W6100_EVB/TrueStudio/W6100_Loopback/../../Libraries/io6Library/Ethernet -O0 -ffunction-sections -fdata-sections -g -fstack-usage -Wall -specs=nano.specs -o STM32F10x_StdPeriph_Driver\stm32f10x_gpio.o 
arm-atollic-eabi-gcc -c ..\src\HALInit.c -mthumb -mcpu=cortex-m3 -std=gnu11 -DSTM32F10X_HD -DUSE_STDPERIPH_DRIVER -DSTM32F103VC -II:/99_GitHub/WIZet_Reference/W6100/W6100_EVB/TrueStudio/W6100_Loopback/src -II:/99_GitHub/WIZet_Reference/W6100/W6100_EVB/TrueStudio/W6100_Loopback/../../Libraries/STM32F10x_StdPeriph_Driver/inc -II:/99_GitHub/WIZet_Reference/W6100/W6100_EVB/TrueStudio/W6100_Loopback/../../Libraries/CMSIS/Device/ST/STM32F10x/Include -II:/99_GitHub/WIZet_Reference/W6100/W6100_EVB/TrueStudio/W6100_Loopback/../../Libraries/io6Library/Application/loopback -II:/99_GitHub/WIZet_Reference/W6100/W6100_EVB/TrueStudio/W6100_Loopback/../../Libraries/CMSIS/Include -II:/99_GitHub/WIZet_Reference/W6100/W6100_EVB/TrueStudio/W6100_Loopback/../../Libraries/io6Library/Ethernet/W6100 -II:/99_GitHub/WIZet_Reference/W6100/W6100_EVB/TrueStudio/W6100_Loopback/../../Libraries/io6Library/Application -II:/99_GitHub/WIZet_Reference/W6100/W6100_EVB/TrueStudio/W6100_Loopback/../../Libraries/io6Library/Ethernet -O0 -ffunction-sections -fdata-sections -g -fstack-usage -Wall -specs=nano.specs -o src\HALInit.o 
..\src\HALInit.c: In function 'gpioInitialize':
..\src\HALInit.c:123:21: warning: unused variable 'NVIC_InitStructure' [-Wunused-variable]
  NVIC_InitTypeDef   NVIC_InitStructure;
                     ^~~~~~~~~~~~~~~~~~
..\src\HALInit.c:122:21: warning: unused variable 'EXTI_InitStructure' [-Wunused-variable]
  EXTI_InitTypeDef   EXTI_InitStructure;
                     ^~~~~~~~~~~~~~~~~~
arm-atollic-eabi-gcc -c ..\..\..\Libraries\io6Library\Application\loopback\loopback.c -mthumb -mcpu=cortex-m3 -std=gnu11 -DSTM32F10X_HD -DUSE_STDPERIPH_DRIVER -DSTM32F103VC -II:/99_GitHub/WIZet_Reference/W6100/W6100_EVB/TrueStudio/W6100_Loopback/src -II:/99_GitHub/WIZet_Reference/W6100/W6100_EVB/TrueStudio/W6100_Loopback/../../Libraries/STM32F10x_StdPeriph_Driver/inc -II:/99_GitHub/WIZet_Reference/W6100/W6100_EVB/TrueStudio/W6100_Loopback/../../Libraries/CMSIS/Device/ST/STM32F10x/Include -II:/99_GitHub/WIZet_Reference/W6100/W6100_EVB/TrueStudio/W6100_Loopback/../../Libraries/io6Library/Application/loopback -II:/99_GitHub/WIZet_Reference/W6100/W6100_EVB/TrueStudio/W6100_Loopback/../../Libraries/CMSIS/Include -II:/99_GitHub/WIZet_Reference/W6100/W6100_EVB/TrueStudio/W6100_Loopback/../../Libraries/io6Library/Ethernet/W6100 -II:/99_GitHub/WIZet_Reference/W6100/W6100_EVB/TrueStudio/W6100_Loopback/../../Libraries/io6Library/Application -II:/99_GitHub/WIZet_Reference/W6100/W6100_EVB/TrueStudio/W6100_Loopback/../../Libraries/io6Library/Ethernet -O0 -ffunction-sections -fdata-sections -g -fstack-usage -Wall -specs=nano.specs -o loopback\loopback.o 
..\..\..\Libraries\io6Library\Application\loopback\loopback.c: In function 'loopback_tcps':
..\..\..\Libraries\io6Library\Application\loopback\loopback.c:17:32: warning: unused variable 'remained_size' [-Wunused-variable]
        uint32_t recevied_size, remained_size;
                                ^~~~~~~~~~~~~
..\..\..\Libraries\io6Library\Application\loopback\loopback.c:14:17: warning: variable 'size' set but not used [-Wunused-but-set-variable]
        uint16_t size = 0, sentsize=0;
                 ^~~~
..\..\..\Libraries\io6Library\Application\loopback\loopback.c: In function 'loopback_tcpc':
..\..\..\Libraries\io6Library\Application\loopback\loopback.c:150:32: warning: unused variable 'remained_size' [-Wunused-variable]
        uint32_t recevied_size, remained_size;
                                ^~~~~~~~~~~~~
..\..\..\Libraries\io6Library\Application\loopback\loopback.c:148:17: warning: unused variable 'size' [-Wunused-variable]
        uint16_t size = 0, sentsize=0;
                 ^~~~
..\..\..\Libraries\io6Library\Application\loopback\loopback.c: In function 'loopback_udps':
..\..\..\Libraries\io6Library\Application\loopback\loopback.c:288:21: warning: unused variable 'size' [-Wunused-variable]
            uint16_t size, sentsize;
                     ^~~~
..\..\..\Libraries\io6Library\Application\loopback\loopback.c:287:36: warning: unused variable 'remained_size' [-Wunused-variable]
            uint32_t recevied_size, remained_size;
                                    ^~~~~~~~~~~~~
..\..\..\Libraries\io6Library\Application\loopback\loopback.c:284:20: warning: unused variable 'pack_info' [-Wunused-variable]
            uint8_t pack_info;
                    ^~~~~~~~~
..\..\..\Libraries\io6Library\Application\loopback\loopback.c:333:8: warning: control reaches end of non-void function [-Wreturn-type]
        }
        ^
At top level:
..\..\..\Libraries\io6Library\Application\loopback\loopback.c:8:17: warning: 'j' defined but not used [-Wunused-variable]
 static uint16_t j=0;
                 ^
arm-atollic-eabi-gcc -c ..\..\..\Libraries\io6Library\Ethernet\socket.c -mthumb -mcpu=cortex-m3 -std=gnu11 -DSTM32F10X_HD -DUSE_STDPERIPH_DRIVER -DSTM32F103VC -II:/99_GitHub/WIZet_Reference/W6100/W6100_EVB/TrueStudio/W6100_Loopback/src -II:/99_GitHub/WIZet_Reference/W6100/W6100_EVB/TrueStudio/W6100_Loopback/../../Libraries/STM32F10x_StdPeriph_Driver/inc -II:/99_GitHub/WIZet_Reference/W6100/W6100_EVB/TrueStudio/W6100_Loopback/../../Libraries/CMSIS/Device/ST/STM32F10x/Include -II:/99_GitHub/WIZet_Reference/W6100/W6100_EVB/TrueStudio/W6100_Loopback/../../Libraries/io6Library/Application/loopback -II:/99_GitHub/WIZet_Reference/W6100/W6100_EVB/TrueStudio/W6100_Loopback/../../Libraries/CMSIS/Include -II:/99_GitHub/WIZet_Reference/W6100/W6100_EVB/TrueStudio/W6100_Loopback/../../Libraries/io6Library/Ethernet/W6100 -II:/99_GitHub/WIZet_Reference/W6100/W6100_EVB/TrueStudio/W6100_Loopback/../../Libraries/io6Library/Application -II:/99_GitHub/WIZet_Reference/W6100/W6100_EVB/TrueStudio/W6100_Loopback/../../Libraries/io6Library/Ethernet -O0 -ffunction-sections -fdata-sections -g -fstack-usage -Wall -specs=nano.specs -o Ethernet\socket.o 
arm-atollic-eabi-gcc -c ..\src\main.c -mthumb -mcpu=cortex-m3 -std=gnu11 -DSTM32F10X_HD -DUSE_STDPERIPH_DRIVER -DSTM32F103VC -II:/99_GitHub/WIZet_Reference/W6100/W6100_EVB/TrueStudio/W6100_Loopback/src -II:/99_GitHub/WIZet_Reference/W6100/W6100_EVB/TrueStudio/W6100_Loopback/../../Libraries/STM32F10x_StdPeriph_Driver/inc -II:/99_GitHub/WIZet_Reference/W6100/W6100_EVB/TrueStudio/W6100_Loopback/../../Libraries/CMSIS/Device/ST/STM32F10x/Include -II:/99_GitHub/WIZet_Reference/W6100/W6100_EVB/TrueStudio/W6100_Loopback/../../Libraries/io6Library/Application/loopback -II:/99_GitHub/WIZet_Reference/W6100/W6100_EVB/TrueStudio/W6100_Loopback/../../Libraries/CMSIS/Include -II:/99_GitHub/WIZet_Reference/W6100/W6100_EVB/TrueStudio/W6100_Loopback/../../Libraries/io6Library/Ethernet/W6100 -II:/99_GitHub/WIZet_Reference/W6100/W6100_EVB/TrueStudio/W6100_Loopback/../../Libraries/io6Library/Application -II:/99_GitHub/WIZet_Reference/W6100/W6100_EVB/TrueStudio/W6100_Loopback/../../Libraries/io6Library/Ethernet -O0 -ffunction-sections -fdata-sections -g -fstack-usage -Wall -specs=nano.specs -o src\main.o 
..\src\main.c: In function 'main':
..\src\main.c:112:2: warning: implicit declaration of function 'RCCInitialize' [-Wimplicit-function-declaration]
  RCCInitialize();
  ^~~~~~~~~~~~~
..\src\main.c:113:2: warning: implicit declaration of function 'gpioInitialize' [-Wimplicit-function-declaration]
  gpioInitialize();
  ^~~~~~~~~~~~~~
..\src\main.c:114:2: warning: implicit declaration of function 'usartInitialize' [-Wimplicit-function-declaration]
  usartInitialize();
  ^~~~~~~~~~~~~~~
..\src\main.c:115:2: warning: implicit declaration of function 'timerInitialize' [-Wimplicit-function-declaration]
  timerInitialize();
  ^~~~~~~~~~~~~~~
..\src\main.c:139:2: warning: implicit declaration of function 'FSMCInitialize' [-Wimplicit-function-declaration]
  FSMCInitialize();
  ^~~~~~~~~~~~~~
..\src\main.c:145:2: warning: implicit declaration of function 'delay' [-Wimplicit-function-declaration]
  delay(10);
  ^~~~~
..\src\main.c:149:2: warning: implicit declaration of function 'W6100Initialze' [-Wimplicit-function-declaration]
  W6100Initialze();
  ^~~~~~~~~~~~~~
..\src\main.c:111:20: warning: unused variable 'RCCA_TypeDef' [-Wunused-variable]
  RCC_ClocksTypeDef RCCA_TypeDef;
                    ^~~~~~~~~~~~
..\src\main.c:108:12: warning: unused variable 'ver' [-Wunused-variable]
   uint16_t ver=0;
            ^~~
..\src\main.c:107:17: warning: unused variable 'k' [-Wunused-variable]
  volatile int j,k;
                 ^
..\src\main.c:107:15: warning: unused variable 'j' [-Wunused-variable]
  volatile int j,k;
               ^
..\src\main.c:106:15: warning: unused variable 'i' [-Wunused-variable]
  volatile int i;
               ^
..\src\main.c: At top level:
..\src\main.c:167:6: warning: conflicting types for 'delay'
 void delay(unsigned int count)
      ^~~~~
..\src\main.c:145:2: note: previous implicit declaration of 'delay' was here
  delay(10);
  ^~~~~
..\src\main.c: In function 'delay':
..\src\main.c:170:17: warning: implicit declaration of function 'TIM2_gettimer' [-Wimplicit-function-declaration]
  temp = count + TIM2_gettimer();
                 ^~~~~~~~~~~~~
..\src\main.c: In function 'print_network_information':
..\src\main.c:179:13: warning: unused variable 'i' [-Wunused-variable]
     uint8_t i;
             ^
arm-atollic-eabi-gcc -c ..\..\..\Libraries\STM32F10x_StdPeriph_Driver\src\stm32f10x_i2c.c -mthumb -mcpu=cortex-m3 -std=gnu11 -DSTM32F10X_HD -DUSE_STDPERIPH_DRIVER -DSTM32F103VC -II:/99_GitHub/WIZet_Reference/W6100/W6100_EVB/TrueStudio/W6100_Loopback/src -II:/99_GitHub/WIZet_Reference/W6100/W6100_EVB/TrueStudio/W6100_Loopback/../../Libraries/STM32F10x_StdPeriph_Driver/inc -II:/99_GitHub/WIZet_Reference/W6100/W6100_EVB/TrueStudio/W6100_Loopback/../../Libraries/CMSIS/Device/ST/STM32F10x/Include -II:/99_GitHub/WIZet_Reference/W6100/W6100_EVB/TrueStudio/W6100_Loopback/../../Libraries/io6Library/Application/loopback -II:/99_GitHub/WIZet_Reference/W6100/W6100_EVB/TrueStudio/W6100_Loopback/../../Libraries/CMSIS/Include -II:/99_GitHub/WIZet_Reference/W6100/W6100_EVB/TrueStudio/W6100_Loopback/../../Libraries/io6Library/Ethernet/W6100 -II:/99_GitHub/WIZet_Reference/W6100/W6100_EVB/TrueStudio/W6100_Loopback/../../Libraries/io6Library/Application -II:/99_GitHub/WIZet_Reference/W6100/W6100_EVB/TrueStudio/W6100_Loopback/../../Libraries/io6Library/Ethernet -O0 -ffunction-sections -fdata-sections -g -fstack-usage -Wall -specs=nano.specs -o STM32F10x_StdPeriph_Driver\stm32f10x_i2c.o 
arm-atollic-eabi-gcc -c -mthumb -mcpu=cortex-m3 -DSTM32F10X_HD -DUSE_STDPERIPH_DRIVER -II:\99_GitHub\WIZet_Reference\W6100\W6100_EVB\TrueStudio\W6100_Loopback\src -g -Wa,--warn -x assembler-with-cpp -specs=nano.specs -o src\startup_stm32f10x_hd.o ..\src\startup_stm32f10x_hd.s 
arm-atollic-eabi-gcc -c ..\..\..\Libraries\STM32F10x_StdPeriph_Driver\src\stm32f10x_tim.c -mthumb -mcpu=cortex-m3 -std=gnu11 -DSTM32F10X_HD -DUSE_STDPERIPH_DRIVER -DSTM32F103VC -II:/99_GitHub/WIZet_Reference/W6100/W6100_EVB/TrueStudio/W6100_Loopback/src -II:/99_GitHub/WIZet_Reference/W6100/W6100_EVB/TrueStudio/W6100_Loopback/../../Libraries/STM32F10x_StdPeriph_Driver/inc -II:/99_GitHub/WIZet_Reference/W6100/W6100_EVB/TrueStudio/W6100_Loopback/../../Libraries/CMSIS/Device/ST/STM32F10x/Include -II:/99_GitHub/WIZet_Reference/W6100/W6100_EVB/TrueStudio/W6100_Loopback/../../Libraries/io6Library/Application/loopback -II:/99_GitHub/WIZet_Reference/W6100/W6100_EVB/TrueStudio/W6100_Loopback/../../Libraries/CMSIS/Include -II:/99_GitHub/WIZet_Reference/W6100/W6100_EVB/TrueStudio/W6100_Loopback/../../Libraries/io6Library/Ethernet/W6100 -II:/99_GitHub/WIZet_Reference/W6100/W6100_EVB/TrueStudio/W6100_Loopback/../../Libraries/io6Library/Application -II:/99_GitHub/WIZet_Reference/W6100/W6100_EVB/TrueStudio/W6100_Loopback/../../Libraries/io6Library/Ethernet -O0 -ffunction-sections -fdata-sections -g -fstack-usage -Wall -specs=nano.specs -o STM32F10x_StdPeriph_Driver\stm32f10x_tim.o 
arm-atollic-eabi-gcc -c ..\..\..\Libraries\STM32F10x_StdPeriph_Driver\src\stm32f10x_dbgmcu.c -mthumb -mcpu=cortex-m3 -std=gnu11 -DSTM32F10X_HD -DUSE_STDPERIPH_DRIVER -DSTM32F103VC -II:/99_GitHub/WIZet_Reference/W6100/W6100_EVB/TrueStudio/W6100_Loopback/src -II:/99_GitHub/WIZet_Reference/W6100/W6100_EVB/TrueStudio/W6100_Loopback/../../Libraries/STM32F10x_StdPeriph_Driver/inc -II:/99_GitHub/WIZet_Reference/W6100/W6100_EVB/TrueStudio/W6100_Loopback/../../Libraries/CMSIS/Device/ST/STM32F10x/Include -II:/99_GitHub/WIZet_Reference/W6100/W6100_EVB/TrueStudio/W6100_Loopback/../../Libraries/io6Library/Application/loopback -II:/99_GitHub/WIZet_Reference/W6100/W6100_EVB/TrueStudio/W6100_Loopback/../../Libraries/CMSIS/Include -II:/99_GitHub/WIZet_Reference/W6100/W6100_EVB/TrueStudio/W6100_Loopback/../../Libraries/io6Library/Ethernet/W6100 -II:/99_GitHub/WIZet_Reference/W6100/W6100_EVB/TrueStudio/W6100_Loopback/../../Libraries/io6Library/Application -II:/99_GitHub/WIZet_Reference/W6100/W6100_EVB/TrueStudio/W6100_Loopback/../../Libraries/io6Library/Ethernet -O0 -ffunction-sections -fdata-sections -g -fstack-usage -Wall -specs=nano.specs -o STM32F10x_StdPeriph_Driver\stm32f10x_dbgmcu.o 
arm-atollic-eabi-gcc -c ..\..\..\Libraries\STM32F10x_StdPeriph_Driver\src\stm32f10x_iwdg.c -mthumb -mcpu=cortex-m3 -std=gnu11 -DSTM32F10X_HD -DUSE_STDPERIPH_DRIVER -DSTM32F103VC -II:/99_GitHub/WIZet_Reference/W6100/W6100_EVB/TrueStudio/W6100_Loopback/src -II:/99_GitHub/WIZet_Reference/W6100/W6100_EVB/TrueStudio/W6100_Loopback/../../Libraries/STM32F10x_StdPeriph_Driver/inc -II:/99_GitHub/WIZet_Reference/W6100/W6100_EVB/TrueStudio/W6100_Loopback/../../Libraries/CMSIS/Device/ST/STM32F10x/Include -II:/99_GitHub/WIZet_Reference/W6100/W6100_EVB/TrueStudio/W6100_Loopback/../../Libraries/io6Library/Application/loopback -II:/99_GitHub/WIZet_Reference/W6100/W6100_EVB/TrueStudio/W6100_Loopback/../../Libraries/CMSIS/Include -II:/99_GitHub/WIZet_Reference/W6100/W6100_EVB/TrueStudio/W6100_Loopback/../../Libraries/io6Library/Ethernet/W6100 -II:/99_GitHub/WIZet_Reference/W6100/W6100_EVB/TrueStudio/W6100_Loopback/../../Libraries/io6Library/Application -II:/99_GitHub/WIZet_Reference/W6100/W6100_EVB/TrueStudio/W6100_Loopback/../../Libraries/io6Library/Ethernet -O0 -ffunction-sections -fdata-sections -g -fstack-usage -Wall -specs=nano.specs -o STM32F10x_StdPeriph_Driver\stm32f10x_iwdg.o 
arm-atollic-eabi-gcc -c ..\..\..\Libraries\STM32F10x_StdPeriph_Driver\src\stm32f10x_rtc.c -mthumb -mcpu=cortex-m3 -std=gnu11 -DSTM32F10X_HD -DUSE_STDPERIPH_DRIVER -DSTM32F103VC -II:/99_GitHub/WIZet_Reference/W6100/W6100_EVB/TrueStudio/W6100_Loopback/src -II:/99_GitHub/WIZet_Reference/W6100/W6100_EVB/TrueStudio/W6100_Loopback/../../Libraries/STM32F10x_StdPeriph_Driver/inc -II:/99_GitHub/WIZet_Reference/W6100/W6100_EVB/TrueStudio/W6100_Loopback/../../Libraries/CMSIS/Device/ST/STM32F10x/Include -II:/99_GitHub/WIZet_Reference/W6100/W6100_EVB/TrueStudio/W6100_Loopback/../../Libraries/io6Library/Application/loopback -II:/99_GitHub/WIZet_Reference/W6100/W6100_EVB/TrueStudio/W6100_Loopback/../../Libraries/CMSIS/Include -II:/99_GitHub/WIZet_Reference/W6100/W6100_EVB/TrueStudio/W6100_Loopback/../../Libraries/io6Library/Ethernet/W6100 -II:/99_GitHub/WIZet_Reference/W6100/W6100_EVB/TrueStudio/W6100_Loopback/../../Libraries/io6Library/Application -II:/99_GitHub/WIZet_Reference/W6100/W6100_EVB/TrueStudio/W6100_Loopback/../../Libraries/io6Library/Ethernet -O0 -ffunction-sections -fdata-sections -g -fstack-usage -Wall -specs=nano.specs -o STM32F10x_StdPeriph_Driver\stm32f10x_rtc.o 
arm-atollic-eabi-gcc -o W6100_Loopback.elf Ethernet\W6100\w6100.o Ethernet\socket.o Ethernet\wizchip_conf.o STM32F10x_StdPeriph_Driver\misc.o STM32F10x_StdPeriph_Driver\stm32f10x_adc.o STM32F10x_StdPeriph_Driver\stm32f10x_bkp.o STM32F10x_StdPeriph_Driver\stm32f10x_can.o STM32F10x_StdPeriph_Driver\stm32f10x_cec.o STM32F10x_StdPeriph_Driver\stm32f10x_crc.o STM32F10x_StdPeriph_Driver\stm32f10x_dac.o STM32F10x_StdPeriph_Driver\stm32f10x_dbgmcu.o STM32F10x_StdPeriph_Driver\stm32f10x_dma.o STM32F10x_StdPeriph_Driver\stm32f10x_exti.o STM32F10x_StdPeriph_Driver\stm32f10x_flash.o STM32F10x_StdPeriph_Driver\stm32f10x_fsmc.o STM32F10x_StdPeriph_Driver\stm32f10x_gpio.o STM32F10x_StdPeriph_Driver\stm32f10x_i2c.o STM32F10x_StdPeriph_Driver\stm32f10x_iwdg.o STM32F10x_StdPeriph_Driver\stm32f10x_pwr.o STM32F10x_StdPeriph_Driver\stm32f10x_rcc.o STM32F10x_StdPeriph_Driver\stm32f10x_rtc.o STM32F10x_StdPeriph_Driver\stm32f10x_sdio.o STM32F10x_StdPeriph_Driver\stm32f10x_spi.o STM32F10x_StdPeriph_Driver\stm32f10x_tim.o STM32F10x_StdPeriph_Driver\stm32f10x_usart.o STM32F10x_StdPeriph_Driver\stm32f10x_wwdg.o loopback\loopback.o src\HALInit.o src\W6100RelFunctions.o src\main.o src\msgq.o src\serialCommand.o src\startup_stm32f10x_hd.o src\system_stm32f10x.o -mthumb -mcpu=cortex-m3 -T../Debug_STM32F103VC_FLASH.ld -specs=nosys.specs -static -Wl,-cref,-u,Reset_Handler -Wl,-Map=W6100_Loopback.map -Wl,--gc-sections -Wl,--defsym=malloc_getpagesize_P=0x80 -Wl,--start-group -lc -lm -Wl,--end-group -specs=nano.specs 
C:\Program Files (x86)\Atollic\TrueSTUDIO for STM32 9.0.1\ide\jre\bin\java -jar C:\Program Files (x86)\Atollic\TrueSTUDIO for STM32 9.0.1\Tools\arm-atollic-reports.jar convert-binary sizeinfo list W6100_Loopback.elf 
Generate build reports...
Converting build output to binary
Output sent to: W6100_Loopback.binary
Converting build output to binary done
Print size information
   text	   data	    bss	    dec	    hex	filename
  23456	    296	  33656	  57408	   e040	W6100_Loopback.elf
Print size information done
Generate listing file
Output sent to: W6100_Loopback.list
Generate listing file done
Generate build reports done
Info: Nothing to build for W6100_Loopback
Info: Nothing to build for W6100_Loopback
Info: Nothing to build for W6100_Loopback
08:49:20 **** Incremental Build of configuration Debug for project W6100_Loopback ****
Info: Internal Builder is used for build
arm-atollic-eabi-gcc -c ..\..\..\Libraries\STM32F10x_StdPeriph_Driver\src\stm32f10x_adc.c -mthumb -mcpu=cortex-m3 -std=gnu11 -DSTM32F10X_HD -DUSE_STDPERIPH_DRIVER -DSTM32F103VC -II:/99_GitHub/WIZet_Reference/W6100/W6100_EVB/TrueStudio/W6100_Loopback/src -II:/99_GitHub/WIZet_Reference/W6100/W6100_EVB/TrueStudio/W6100_Loopback/../../Libraries/STM32F10x_StdPeriph_Driver/inc -II:/99_GitHub/WIZet_Reference/W6100/W6100_EVB/TrueStudio/W6100_Loopback/../../Libraries/CMSIS/Device/ST/STM32F10x/Include -II:/99_GitHub/WIZet_Reference/W6100/W6100_EVB/TrueStudio/W6100_Loopback/../../Libraries/io6Library/Application/loopback -II:/99_GitHub/WIZet_Reference/W6100/W6100_EVB/TrueStudio/W6100_Loopback/../../Libraries/CMSIS/Include -II:/99_GitHub/WIZet_Reference/W6100/W6100_EVB/TrueStudio/W6100_Loopback/../../Libraries/io6Library/Ethernet/W6100 -II:/99_GitHub/WIZet_Reference/W6100/W6100_EVB/TrueStudio/W6100_Loopback/../../Libraries/io6Library/Application -II:/99_GitHub/WIZet_Reference/W6100/W6100_EVB/TrueStudio/W6100_Loopback/../../Libraries/io6Library/Ethernet -O0 -ffunction-sections -fdata-sections -g -fstack-usage -Wall -specs=nano.specs -o STM32F10x_StdPeriph_Driver\stm32f10x_adc.o 
arm-atollic-eabi-gcc -c ..\..\..\Libraries\io6Library\Ethernet\socket.c -mthumb -mcpu=cortex-m3 -std=gnu11 -DSTM32F10X_HD -DUSE_STDPERIPH_DRIVER -DSTM32F103VC -II:/99_GitHub/WIZet_Reference/W6100/W6100_EVB/TrueStudio/W6100_Loopback/src -II:/99_GitHub/WIZet_Reference/W6100/W6100_EVB/TrueStudio/W6100_Loopback/../../Libraries/STM32F10x_StdPeriph_Driver/inc -II:/99_GitHub/WIZet_Reference/W6100/W6100_EVB/TrueStudio/W6100_Loopback/../../Libraries/CMSIS/Device/ST/STM32F10x/Include -II:/99_GitHub/WIZet_Reference/W6100/W6100_EVB/TrueStudio/W6100_Loopback/../../Libraries/io6Library/Application/loopback -II:/99_GitHub/WIZet_Reference/W6100/W6100_EVB/TrueStudio/W6100_Loopback/../../Libraries/CMSIS/Include -II:/99_GitHub/WIZet_Reference/W6100/W6100_EVB/TrueStudio/W6100_Loopback/../../Libraries/io6Library/Ethernet/W6100 -II:/99_GitHub/WIZet_Reference/W6100/W6100_EVB/TrueStudio/W6100_Loopback/../../Libraries/io6Library/Application -II:/99_GitHub/WIZet_Reference/W6100/W6100_EVB/TrueStudio/W6100_Loopback/../../Libraries/io6Library/Ethernet -O0 -ffunction-sections -fdata-sections -g -fstack-usage -Wall -specs=nano.specs -o Ethernet\socket.o 
arm-atollic-eabi-gcc -c ..\src\msgq.c -mthumb -mcpu=cortex-m3 -std=gnu11 -DSTM32F10X_HD -DUSE_STDPERIPH_DRIVER -DSTM32F103VC -II:/99_GitHub/WIZet_Reference/W6100/W6100_EVB/TrueStudio/W6100_Loopback/src -II:/99_GitHub/WIZet_Reference/W6100/W6100_EVB/TrueStudio/W6100_Loopback/../../Libraries/STM32F10x_StdPeriph_Driver/inc -II:/99_GitHub/WIZet_Reference/W6100/W6100_EVB/TrueStudio/W6100_Loopback/../../Libraries/CMSIS/Device/ST/STM32F10x/Include -II:/99_GitHub/WIZet_Reference/W6100/W6100_EVB/TrueStudio/W6100_Loopback/../../Libraries/io6Library/Application/loopback -II:/99_GitHub/WIZet_Reference/W6100/W6100_EVB/TrueStudio/W6100_Loopback/../../Libraries/CMSIS/Include -II:/99_GitHub/WIZet_Reference/W6100/W6100_EVB/TrueStudio/W6100_Loopback/../../Libraries/io6Library/Ethernet/W6100 -II:/99_GitHub/WIZet_Reference/W6100/W6100_EVB/TrueStudio/W6100_Loopback/../../Libraries/io6Library/Application -II:/99_GitHub/WIZet_Reference/W6100/W6100_EVB/TrueStudio/W6100_Loopback/../../Libraries/io6Library/Ethernet -O0 -ffunction-sections -fdata-sections -g -fstack-usage -Wall -specs=nano.specs -o src\msgq.o 
..\src\msgq.c: In function 'queue_put':
..\src\msgq.c:20:9: warning: implicit declaration of function 'printf' [-Wimplicit-function-declaration]
         printf("\n   Queue overflow.");
         ^~~~~~
..\src\msgq.c:20:9: warning: incompatible implicit declaration of built-in function 'printf'
..\src\msgq.c:20:9: note: include '<stdio.h>' or provide a declaration of 'printf'
..\src\msgq.c:25:25: warning: operation on 'serialMsgQueue.rear' may be undefined [-Wsequence-point]
     serialMsgQueue.rear = ++(serialMsgQueue.rear) % serialMsgQueue.maxQSize;
     ~~~~~~~~~~~~~~~~~~~~^~~~~~~~~~~~~~~~~~~~~~~~~~~~~~~~~~~~~~~~~~~~~~~~~~~
..\src\msgq.c: In function 'queue_get':
..\src\msgq.c:31:9: warning: incompatible implicit declaration of built-in function 'printf'
         printf("\n  Queue underflow.");
         ^~~~~~
..\src\msgq.c:31:9: note: include '<stdio.h>' or provide a declaration of 'printf'
..\src\msgq.c:36:26: warning: operation on 'serialMsgQueue.front' may be undefined [-Wsequence-point]
     serialMsgQueue.front = ++(serialMsgQueue.front) % serialMsgQueue.maxQSize;
     ~~~~~~~~~~~~~~~~~~~~~^~~~~~~~~~~~~~~~~~~~~~~~~~~~~~~~~~~~~~~~~~~~~~~~~~~~
arm-atollic-eabi-gcc -c ..\..\..\Libraries\STM32F10x_StdPeriph_Driver\src\stm32f10x_dac.c -mthumb -mcpu=cortex-m3 -std=gnu11 -DSTM32F10X_HD -DUSE_STDPERIPH_DRIVER -DSTM32F103VC -II:/99_GitHub/WIZet_Reference/W6100/W6100_EVB/TrueStudio/W6100_Loopback/src -II:/99_GitHub/WIZet_Reference/W6100/W6100_EVB/TrueStudio/W6100_Loopback/../../Libraries/STM32F10x_StdPeriph_Driver/inc -II:/99_GitHub/WIZet_Reference/W6100/W6100_EVB/TrueStudio/W6100_Loopback/../../Libraries/CMSIS/Device/ST/STM32F10x/Include -II:/99_GitHub/WIZet_Reference/W6100/W6100_EVB/TrueStudio/W6100_Loopback/../../Libraries/io6Library/Application/loopback -II:/99_GitHub/WIZet_Reference/W6100/W6100_EVB/TrueStudio/W6100_Loopback/../../Libraries/CMSIS/Include -II:/99_GitHub/WIZet_Reference/W6100/W6100_EVB/TrueStudio/W6100_Loopback/../../Libraries/io6Library/Ethernet/W6100 -II:/99_GitHub/WIZet_Reference/W6100/W6100_EVB/TrueStudio/W6100_Loopback/../../Libraries/io6Library/Application -II:/99_GitHub/WIZet_Reference/W6100/W6100_EVB/TrueStudio/W6100_Loopback/../../Libraries/io6Library/Ethernet -O0 -ffunction-sections -fdata-sections -g -fstack-usage -Wall -specs=nano.specs -o STM32F10x_StdPeriph_Driver\stm32f10x_dac.o 
arm-atollic-eabi-gcc -c ..\..\..\Libraries\STM32F10x_StdPeriph_Driver\src\stm32f10x_crc.c -mthumb -mcpu=cortex-m3 -std=gnu11 -DSTM32F10X_HD -DUSE_STDPERIPH_DRIVER -DSTM32F103VC -II:/99_GitHub/WIZet_Reference/W6100/W6100_EVB/TrueStudio/W6100_Loopback/src -II:/99_GitHub/WIZet_Reference/W6100/W6100_EVB/TrueStudio/W6100_Loopback/../../Libraries/STM32F10x_StdPeriph_Driver/inc -II:/99_GitHub/WIZet_Reference/W6100/W6100_EVB/TrueStudio/W6100_Loopback/../../Libraries/CMSIS/Device/ST/STM32F10x/Include -II:/99_GitHub/WIZet_Reference/W6100/W6100_EVB/TrueStudio/W6100_Loopback/../../Libraries/io6Library/Application/loopback -II:/99_GitHub/WIZet_Reference/W6100/W6100_EVB/TrueStudio/W6100_Loopback/../../Libraries/CMSIS/Include -II:/99_GitHub/WIZet_Reference/W6100/W6100_EVB/TrueStudio/W6100_Loopback/../../Libraries/io6Library/Ethernet/W6100 -II:/99_GitHub/WIZet_Reference/W6100/W6100_EVB/TrueStudio/W6100_Loopback/../../Libraries/io6Library/Application -II:/99_GitHub/WIZet_Reference/W6100/W6100_EVB/TrueStudio/W6100_Loopback/../../Libraries/io6Library/Ethernet -O0 -ffunction-sections -fdata-sections -g -fstack-usage -Wall -specs=nano.specs -o STM32F10x_StdPeriph_Driver\stm32f10x_crc.o 
arm-atollic-eabi-gcc -c ..\..\..\Libraries\STM32F10x_StdPeriph_Driver\src\stm32f10x_pwr.c -mthumb -mcpu=cortex-m3 -std=gnu11 -DSTM32F10X_HD -DUSE_STDPERIPH_DRIVER -DSTM32F103VC -II:/99_GitHub/WIZet_Reference/W6100/W6100_EVB/TrueStudio/W6100_Loopback/src -II:/99_GitHub/WIZet_Reference/W6100/W6100_EVB/TrueStudio/W6100_Loopback/../../Libraries/STM32F10x_StdPeriph_Driver/inc -II:/99_GitHub/WIZet_Reference/W6100/W6100_EVB/TrueStudio/W6100_Loopback/../../Libraries/CMSIS/Device/ST/STM32F10x/Include -II:/99_GitHub/WIZet_Reference/W6100/W6100_EVB/TrueStudio/W6100_Loopback/../../Libraries/io6Library/Application/loopback -II:/99_GitHub/WIZet_Reference/W6100/W6100_EVB/TrueStudio/W6100_Loopback/../../Libraries/CMSIS/Include -II:/99_GitHub/WIZet_Reference/W6100/W6100_EVB/TrueStudio/W6100_Loopback/../../Libraries/io6Library/Ethernet/W6100 -II:/99_GitHub/WIZet_Reference/W6100/W6100_EVB/TrueStudio/W6100_Loopback/../../Libraries/io6Library/Application -II:/99_GitHub/WIZet_Reference/W6100/W6100_EVB/TrueStudio/W6100_Loopback/../../Libraries/io6Library/Ethernet -O0 -ffunction-sections -fdata-sections -g -fstack-usage -Wall -specs=nano.specs -o STM32F10x_StdPeriph_Driver\stm32f10x_pwr.o 
arm-atollic-eabi-gcc -c ..\..\..\Libraries\STM32F10x_StdPeriph_Driver\src\stm32f10x_cec.c -mthumb -mcpu=cortex-m3 -std=gnu11 -DSTM32F10X_HD -DUSE_STDPERIPH_DRIVER -DSTM32F103VC -II:/99_GitHub/WIZet_Reference/W6100/W6100_EVB/TrueStudio/W6100_Loopback/src -II:/99_GitHub/WIZet_Reference/W6100/W6100_EVB/TrueStudio/W6100_Loopback/../../Libraries/STM32F10x_StdPeriph_Driver/inc -II:/99_GitHub/WIZet_Reference/W6100/W6100_EVB/TrueStudio/W6100_Loopback/../../Libraries/CMSIS/Device/ST/STM32F10x/Include -II:/99_GitHub/WIZet_Reference/W6100/W6100_EVB/TrueStudio/W6100_Loopback/../../Libraries/io6Library/Application/loopback -II:/99_GitHub/WIZet_Reference/W6100/W6100_EVB/TrueStudio/W6100_Loopback/../../Libraries/CMSIS/Include -II:/99_GitHub/WIZet_Reference/W6100/W6100_EVB/TrueStudio/W6100_Loopback/../../Libraries/io6Library/Ethernet/W6100 -II:/99_GitHub/WIZet_Reference/W6100/W6100_EVB/TrueStudio/W6100_Loopback/../../Libraries/io6Library/Application -II:/99_GitHub/WIZet_Reference/W6100/W6100_EVB/TrueStudio/W6100_Loopback/../../Libraries/io6Library/Ethernet -O0 -ffunction-sections -fdata-sections -g -fstack-usage -Wall -specs=nano.specs -o STM32F10x_StdPeriph_Driver\stm32f10x_cec.o 
arm-atollic-eabi-gcc -c ..\..\..\Libraries\STM32F10x_StdPeriph_Driver\src\stm32f10x_flash.c -mthumb -mcpu=cortex-m3 -std=gnu11 -DSTM32F10X_HD -DUSE_STDPERIPH_DRIVER -DSTM32F103VC -II:/99_GitHub/WIZet_Reference/W6100/W6100_EVB/TrueStudio/W6100_Loopback/src -II:/99_GitHub/WIZet_Reference/W6100/W6100_EVB/TrueStudio/W6100_Loopback/../../Libraries/STM32F10x_StdPeriph_Driver/inc -II:/99_GitHub/WIZet_Reference/W6100/W6100_EVB/TrueStudio/W6100_Loopback/../../Libraries/CMSIS/Device/ST/STM32F10x/Include -II:/99_GitHub/WIZet_Reference/W6100/W6100_EVB/TrueStudio/W6100_Loopback/../../Libraries/io6Library/Application/loopback -II:/99_GitHub/WIZet_Reference/W6100/W6100_EVB/TrueStudio/W6100_Loopback/../../Libraries/CMSIS/Include -II:/99_GitHub/WIZet_Reference/W6100/W6100_EVB/TrueStudio/W6100_Loopback/../../Libraries/io6Library/Ethernet/W6100 -II:/99_GitHub/WIZet_Reference/W6100/W6100_EVB/TrueStudio/W6100_Loopback/../../Libraries/io6Library/Application -II:/99_GitHub/WIZet_Reference/W6100/W6100_EVB/TrueStudio/W6100_Loopback/../../Libraries/io6Library/Ethernet -O0 -ffunction-sections -fdata-sections -g -fstack-usage -Wall -specs=nano.specs -o STM32F10x_StdPeriph_Driver\stm32f10x_flash.o 
arm-atollic-eabi-gcc -c ..\..\..\Libraries\STM32F10x_StdPeriph_Driver\src\stm32f10x_spi.c -mthumb -mcpu=cortex-m3 -std=gnu11 -DSTM32F10X_HD -DUSE_STDPERIPH_DRIVER -DSTM32F103VC -II:/99_GitHub/WIZet_Reference/W6100/W6100_EVB/TrueStudio/W6100_Loopback/src -II:/99_GitHub/WIZet_Reference/W6100/W6100_EVB/TrueStudio/W6100_Loopback/../../Libraries/STM32F10x_StdPeriph_Driver/inc -II:/99_GitHub/WIZet_Reference/W6100/W6100_EVB/TrueStudio/W6100_Loopback/../../Libraries/CMSIS/Device/ST/STM32F10x/Include -II:/99_GitHub/WIZet_Reference/W6100/W6100_EVB/TrueStudio/W6100_Loopback/../../Libraries/io6Library/Application/loopback -II:/99_GitHub/WIZet_Reference/W6100/W6100_EVB/TrueStudio/W6100_Loopback/../../Libraries/CMSIS/Include -II:/99_GitHub/WIZet_Reference/W6100/W6100_EVB/TrueStudio/W6100_Loopback/../../Libraries/io6Library/Ethernet/W6100 -II:/99_GitHub/WIZet_Reference/W6100/W6100_EVB/TrueStudio/W6100_Loopback/../../Libraries/io6Library/Application -II:/99_GitHub/WIZet_Reference/W6100/W6100_EVB/TrueStudio/W6100_Loopback/../../Libraries/io6Library/Ethernet -O0 -ffunction-sections -fdata-sections -g -fstack-usage -Wall -specs=nano.specs -o STM32F10x_StdPeriph_Driver\stm32f10x_spi.o 
arm-atollic-eabi-gcc -c ..\..\..\Libraries\STM32F10x_StdPeriph_Driver\src\stm32f10x_fsmc.c -mthumb -mcpu=cortex-m3 -std=gnu11 -DSTM32F10X_HD -DUSE_STDPERIPH_DRIVER -DSTM32F103VC -II:/99_GitHub/WIZet_Reference/W6100/W6100_EVB/TrueStudio/W6100_Loopback/src -II:/99_GitHub/WIZet_Reference/W6100/W6100_EVB/TrueStudio/W6100_Loopback/../../Libraries/STM32F10x_StdPeriph_Driver/inc -II:/99_GitHub/WIZet_Reference/W6100/W6100_EVB/TrueStudio/W6100_Loopback/../../Libraries/CMSIS/Device/ST/STM32F10x/Include -II:/99_GitHub/WIZet_Reference/W6100/W6100_EVB/TrueStudio/W6100_Loopback/../../Libraries/io6Library/Application/loopback -II:/99_GitHub/WIZet_Reference/W6100/W6100_EVB/TrueStudio/W6100_Loopback/../../Libraries/CMSIS/Include -II:/99_GitHub/WIZet_Reference/W6100/W6100_EVB/TrueStudio/W6100_Loopback/../../Libraries/io6Library/Ethernet/W6100 -II:/99_GitHub/WIZet_Reference/W6100/W6100_EVB/TrueStudio/W6100_Loopback/../../Libraries/io6Library/Application -II:/99_GitHub/WIZet_Reference/W6100/W6100_EVB/TrueStudio/W6100_Loopback/../../Libraries/io6Library/Ethernet -O0 -ffunction-sections -fdata-sections -g -fstack-usage -Wall -specs=nano.specs -o STM32F10x_StdPeriph_Driver\stm32f10x_fsmc.o 
arm-atollic-eabi-gcc -c ..\..\..\Libraries\io6Library\Ethernet\W6100\w6100.c -mthumb -mcpu=cortex-m3 -std=gnu11 -DSTM32F10X_HD -DUSE_STDPERIPH_DRIVER -DSTM32F103VC -II:/99_GitHub/WIZet_Reference/W6100/W6100_EVB/TrueStudio/W6100_Loopback/src -II:/99_GitHub/WIZet_Reference/W6100/W6100_EVB/TrueStudio/W6100_Loopback/../../Libraries/STM32F10x_StdPeriph_Driver/inc -II:/99_GitHub/WIZet_Reference/W6100/W6100_EVB/TrueStudio/W6100_Loopback/../../Libraries/CMSIS/Device/ST/STM32F10x/Include -II:/99_GitHub/WIZet_Reference/W6100/W6100_EVB/TrueStudio/W6100_Loopback/../../Libraries/io6Library/Application/loopback -II:/99_GitHub/WIZet_Reference/W6100/W6100_EVB/TrueStudio/W6100_Loopback/../../Libraries/CMSIS/Include -II:/99_GitHub/WIZet_Reference/W6100/W6100_EVB/TrueStudio/W6100_Loopback/../../Libraries/io6Library/Ethernet/W6100 -II:/99_GitHub/WIZet_Reference/W6100/W6100_EVB/TrueStudio/W6100_Loopback/../../Libraries/io6Library/Application -II:/99_GitHub/WIZet_Reference/W6100/W6100_EVB/TrueStudio/W6100_Loopback/../../Libraries/io6Library/Ethernet -O0 -ffunction-sections -fdata-sections -g -fstack-usage -Wall -specs=nano.specs -o Ethernet\W6100\w6100.o 
arm-atollic-eabi-gcc -c ..\..\..\Libraries\STM32F10x_StdPeriph_Driver\src\stm32f10x_i2c.c -mthumb -mcpu=cortex-m3 -std=gnu11 -DSTM32F10X_HD -DUSE_STDPERIPH_DRIVER -DSTM32F103VC -II:/99_GitHub/WIZet_Reference/W6100/W6100_EVB/TrueStudio/W6100_Loopback/src -II:/99_GitHub/WIZet_Reference/W6100/W6100_EVB/TrueStudio/W6100_Loopback/../../Libraries/STM32F10x_StdPeriph_Driver/inc -II:/99_GitHub/WIZet_Reference/W6100/W6100_EVB/TrueStudio/W6100_Loopback/../../Libraries/CMSIS/Device/ST/STM32F10x/Include -II:/99_GitHub/WIZet_Reference/W6100/W6100_EVB/TrueStudio/W6100_Loopback/../../Libraries/io6Library/Application/loopback -II:/99_GitHub/WIZet_Reference/W6100/W6100_EVB/TrueStudio/W6100_Loopback/../../Libraries/CMSIS/Include -II:/99_GitHub/WIZet_Reference/W6100/W6100_EVB/TrueStudio/W6100_Loopback/../../Libraries/io6Library/Ethernet/W6100 -II:/99_GitHub/WIZet_Reference/W6100/W6100_EVB/TrueStudio/W6100_Loopback/../../Libraries/io6Library/Application -II:/99_GitHub/WIZet_Reference/W6100/W6100_EVB/TrueStudio/W6100_Loopback/../../Libraries/io6Library/Ethernet -O0 -ffunction-sections -fdata-sections -g -fstack-usage -Wall -specs=nano.specs -o STM32F10x_StdPeriph_Driver\stm32f10x_i2c.o 
arm-atollic-eabi-gcc -c ..\src\W6100RelFunctions.c -mthumb -mcpu=cortex-m3 -std=gnu11 -DSTM32F10X_HD -DUSE_STDPERIPH_DRIVER -DSTM32F103VC -II:/99_GitHub/WIZet_Reference/W6100/W6100_EVB/TrueStudio/W6100_Loopback/src -II:/99_GitHub/WIZet_Reference/W6100/W6100_EVB/TrueStudio/W6100_Loopback/../../Libraries/STM32F10x_StdPeriph_Driver/inc -II:/99_GitHub/WIZet_Reference/W6100/W6100_EVB/TrueStudio/W6100_Loopback/../../Libraries/CMSIS/Device/ST/STM32F10x/Include -II:/99_GitHub/WIZet_Reference/W6100/W6100_EVB/TrueStudio/W6100_Loopback/../../Libraries/io6Library/Application/loopback -II:/99_GitHub/WIZet_Reference/W6100/W6100_EVB/TrueStudio/W6100_Loopback/../../Libraries/CMSIS/Include -II:/99_GitHub/WIZet_Reference/W6100/W6100_EVB/TrueStudio/W6100_Loopback/../../Libraries/io6Library/Ethernet/W6100 -II:/99_GitHub/WIZet_Reference/W6100/W6100_EVB/TrueStudio/W6100_Loopback/../../Libraries/io6Library/Application -II:/99_GitHub/WIZet_Reference/W6100/W6100_EVB/TrueStudio/W6100_Loopback/../../Libraries/io6Library/Ethernet -O0 -ffunction-sections -fdata-sections -g -fstack-usage -Wall -specs=nano.specs -o src\W6100RelFunctions.o 
..\src\W6100RelFunctions.c: In function 'W6100Initialze':
..\src\W6100RelFunctions.c:19:5: warning: implicit declaration of function 'printf' [-Wimplicit-function-declaration]
     printf("Unknown PHY link status.\r\n");
     ^~~~~~
..\src\W6100RelFunctions.c:19:5: warning: incompatible implicit declaration of built-in function 'printf'
..\src\W6100RelFunctions.c:19:5: note: include '<stdio.h>' or provide a declaration of 'printf'
..\src\W6100RelFunctions.c:22:2: warning: incompatible implicit declaration of built-in function 'printf'
  printf("PHY OK.\r\n");
  ^~~~~~
..\src\W6100RelFunctions.c:22:2: note: include '<stdio.h>' or provide a declaration of 'printf'
..\src\W6100RelFunctions.c: In function 'spiReadBurst':
..\src\W6100RelFunctions.c:60:42: warning: assignment makes integer from pointer without a cast [-Wint-conversion]
  DMA_TX_InitStructure.DMA_MemoryBaseAddr = &tempbuf;
                                          ^
..\src\W6100RelFunctions.c:65:42: warning: assignment makes integer from pointer without a cast [-Wint-conversion]
  DMA_RX_InitStructure.DMA_MemoryBaseAddr = pBuf;
                                          ^
..\src\W6100RelFunctions.c: In function 'spiWriteBurst':
..\src\W6100RelFunctions.c:86:42: warning: assignment makes integer from pointer without a cast [-Wint-conversion]
  DMA_TX_InitStructure.DMA_MemoryBaseAddr = pBuf;
                                          ^
..\src\W6100RelFunctions.c:90:42: warning: assignment makes integer from pointer without a cast [-Wint-conversion]
  DMA_RX_InitStructure.DMA_MemoryBaseAddr = &tempbuf;
                                          ^
..\src\W6100RelFunctions.c: In function 'busWriteBurst':
..\src\W6100RelFunctions.c:144:46: warning: assignment makes integer from pointer without a cast [-Wint-conversion]
  DMA_TX_InitStructure.DMA_PeripheralBaseAddr = pBuf;
                                              ^
..\src\W6100RelFunctions.c: In function 'busReadBurst':
..\src\W6100RelFunctions.c:171:43: warning: assignment makes integer from pointer without a cast [-Wint-conversion]
   DMA_RX_InitStructure.DMA_MemoryBaseAddr =pBuf;
                                           ^
..\src\W6100RelFunctions.c: In function 'W6100Reset':
..\src\W6100RelFunctions.c:214:2: warning: implicit declaration of function 'CoTickDelay' [-Wimplicit-function-declaration]
  CoTickDelay(10);
  ^~~~~~~~~~~
..\src\W6100RelFunctions.c:211:10: warning: variable 'k' set but not used [-Wunused-but-set-variable]
  int i,j,k;
          ^
..\src\W6100RelFunctions.c:211:8: warning: unused variable 'j' [-Wunused-variable]
  int i,j,k;
        ^
..\src\W6100RelFunctions.c:211:6: warning: unused variable 'i' [-Wunused-variable]
  int i,j,k;
      ^
..\src\W6100RelFunctions.c: In function 'spiReadBurst':
..\src\W6100RelFunctions.c:80:1: warning: control reaches end of non-void function [-Wreturn-type]
 }
 ^
arm-atollic-eabi-gcc -c ..\..\..\Libraries\STM32F10x_StdPeriph_Driver\src\stm32f10x_rcc.c -mthumb -mcpu=cortex-m3 -std=gnu11 -DSTM32F10X_HD -DUSE_STDPERIPH_DRIVER -DSTM32F103VC -II:/99_GitHub/WIZet_Reference/W6100/W6100_EVB/TrueStudio/W6100_Loopback/src -II:/99_GitHub/WIZet_Reference/W6100/W6100_EVB/TrueStudio/W6100_Loopback/../../Libraries/STM32F10x_StdPeriph_Driver/inc -II:/99_GitHub/WIZet_Reference/W6100/W6100_EVB/TrueStudio/W6100_Loopback/../../Libraries/CMSIS/Device/ST/STM32F10x/Include -II:/99_GitHub/WIZet_Reference/W6100/W6100_EVB/TrueStudio/W6100_Loopback/../../Libraries/io6Library/Application/loopback -II:/99_GitHub/WIZet_Reference/W6100/W6100_EVB/TrueStudio/W6100_Loopback/../../Libraries/CMSIS/Include -II:/99_GitHub/WIZet_Reference/W6100/W6100_EVB/TrueStudio/W6100_Loopback/../../Libraries/io6Library/Ethernet/W6100 -II:/99_GitHub/WIZet_Reference/W6100/W6100_EVB/TrueStudio/W6100_Loopback/../../Libraries/io6Library/Application -II:/99_GitHub/WIZet_Reference/W6100/W6100_EVB/TrueStudio/W6100_Loopback/../../Libraries/io6Library/Ethernet -O0 -ffunction-sections -fdata-sections -g -fstack-usage -Wall -specs=nano.specs -o STM32F10x_StdPeriph_Driver\stm32f10x_rcc.o 
arm-atollic-eabi-gcc -c ..\..\..\Libraries\STM32F10x_StdPeriph_Driver\src\stm32f10x_rtc.c -mthumb -mcpu=cortex-m3 -std=gnu11 -DSTM32F10X_HD -DUSE_STDPERIPH_DRIVER -DSTM32F103VC -II:/99_GitHub/WIZet_Reference/W6100/W6100_EVB/TrueStudio/W6100_Loopback/src -II:/99_GitHub/WIZet_Reference/W6100/W6100_EVB/TrueStudio/W6100_Loopback/../../Libraries/STM32F10x_StdPeriph_Driver/inc -II:/99_GitHub/WIZet_Reference/W6100/W6100_EVB/TrueStudio/W6100_Loopback/../../Libraries/CMSIS/Device/ST/STM32F10x/Include -II:/99_GitHub/WIZet_Reference/W6100/W6100_EVB/TrueStudio/W6100_Loopback/../../Libraries/io6Library/Application/loopback -II:/99_GitHub/WIZet_Reference/W6100/W6100_EVB/TrueStudio/W6100_Loopback/../../Libraries/CMSIS/Include -II:/99_GitHub/WIZet_Reference/W6100/W6100_EVB/TrueStudio/W6100_Loopback/../../Libraries/io6Library/Ethernet/W6100 -II:/99_GitHub/WIZet_Reference/W6100/W6100_EVB/TrueStudio/W6100_Loopback/../../Libraries/io6Library/Application -II:/99_GitHub/WIZet_Reference/W6100/W6100_EVB/TrueStudio/W6100_Loopback/../../Libraries/io6Library/Ethernet -O0 -ffunction-sections -fdata-sections -g -fstack-usage -Wall -specs=nano.specs -o STM32F10x_StdPeriph_Driver\stm32f10x_rtc.o 
arm-atollic-eabi-gcc -c ..\..\..\Libraries\io6Library\Application\loopback\loopback.c -mthumb -mcpu=cortex-m3 -std=gnu11 -DSTM32F10X_HD -DUSE_STDPERIPH_DRIVER -DSTM32F103VC -II:/99_GitHub/WIZet_Reference/W6100/W6100_EVB/TrueStudio/W6100_Loopback/src -II:/99_GitHub/WIZet_Reference/W6100/W6100_EVB/TrueStudio/W6100_Loopback/../../Libraries/STM32F10x_StdPeriph_Driver/inc -II:/99_GitHub/WIZet_Reference/W6100/W6100_EVB/TrueStudio/W6100_Loopback/../../Libraries/CMSIS/Device/ST/STM32F10x/Include -II:/99_GitHub/WIZet_Reference/W6100/W6100_EVB/TrueStudio/W6100_Loopback/../../Libraries/io6Library/Application/loopback -II:/99_GitHub/WIZet_Reference/W6100/W6100_EVB/TrueStudio/W6100_Loopback/../../Libraries/CMSIS/Include -II:/99_GitHub/WIZet_Reference/W6100/W6100_EVB/TrueStudio/W6100_Loopback/../../Libraries/io6Library/Ethernet/W6100 -II:/99_GitHub/WIZet_Reference/W6100/W6100_EVB/TrueStudio/W6100_Loopback/../../Libraries/io6Library/Application -II:/99_GitHub/WIZet_Reference/W6100/W6100_EVB/TrueStudio/W6100_Loopback/../../Libraries/io6Library/Ethernet -O0 -ffunction-sections -fdata-sections -g -fstack-usage -Wall -specs=nano.specs -o loopback\loopback.o 
..\..\..\Libraries\io6Library\Application\loopback\loopback.c: In function 'loopback_tcps':
..\..\..\Libraries\io6Library\Application\loopback\loopback.c:17:32: warning: unused variable 'remained_size' [-Wunused-variable]
        uint32_t recevied_size, remained_size;
                                ^~~~~~~~~~~~~
..\..\..\Libraries\io6Library\Application\loopback\loopback.c:14:17: warning: variable 'size' set but not used [-Wunused-but-set-variable]
        uint16_t size = 0, sentsize=0;
                 ^~~~
..\..\..\Libraries\io6Library\Application\loopback\loopback.c: In function 'loopback_tcpc':
..\..\..\Libraries\io6Library\Application\loopback\loopback.c:150:32: warning: unused variable 'remained_size' [-Wunused-variable]
        uint32_t recevied_size, remained_size;
                                ^~~~~~~~~~~~~
..\..\..\Libraries\io6Library\Application\loopback\loopback.c:148:17: warning: unused variable 'size' [-Wunused-variable]
        uint16_t size = 0, sentsize=0;
                 ^~~~
..\..\..\Libraries\io6Library\Application\loopback\loopback.c: In function 'loopback_udps':
..\..\..\Libraries\io6Library\Application\loopback\loopback.c:288:21: warning: unused variable 'size' [-Wunused-variable]
            uint16_t size, sentsize;
                     ^~~~
..\..\..\Libraries\io6Library\Application\loopback\loopback.c:287:36: warning: unused variable 'remained_size' [-Wunused-variable]
            uint32_t recevied_size, remained_size;
                                    ^~~~~~~~~~~~~
..\..\..\Libraries\io6Library\Application\loopback\loopback.c:284:20: warning: unused variable 'pack_info' [-Wunused-variable]
            uint8_t pack_info;
                    ^~~~~~~~~
..\..\..\Libraries\io6Library\Application\loopback\loopback.c:333:8: warning: control reaches end of non-void function [-Wreturn-type]
        }
        ^
At top level:
..\..\..\Libraries\io6Library\Application\loopback\loopback.c:8:17: warning: 'j' defined but not used [-Wunused-variable]
 static uint16_t j=0;
                 ^
arm-atollic-eabi-gcc -c ..\..\..\Libraries\STM32F10x_StdPeriph_Driver\src\stm32f10x_exti.c -mthumb -mcpu=cortex-m3 -std=gnu11 -DSTM32F10X_HD -DUSE_STDPERIPH_DRIVER -DSTM32F103VC -II:/99_GitHub/WIZet_Reference/W6100/W6100_EVB/TrueStudio/W6100_Loopback/src -II:/99_GitHub/WIZet_Reference/W6100/W6100_EVB/TrueStudio/W6100_Loopback/../../Libraries/STM32F10x_StdPeriph_Driver/inc -II:/99_GitHub/WIZet_Reference/W6100/W6100_EVB/TrueStudio/W6100_Loopback/../../Libraries/CMSIS/Device/ST/STM32F10x/Include -II:/99_GitHub/WIZet_Reference/W6100/W6100_EVB/TrueStudio/W6100_Loopback/../../Libraries/io6Library/Application/loopback -II:/99_GitHub/WIZet_Reference/W6100/W6100_EVB/TrueStudio/W6100_Loopback/../../Libraries/CMSIS/Include -II:/99_GitHub/WIZet_Reference/W6100/W6100_EVB/TrueStudio/W6100_Loopback/../../Libraries/io6Library/Ethernet/W6100 -II:/99_GitHub/WIZet_Reference/W6100/W6100_EVB/TrueStudio/W6100_Loopback/../../Libraries/io6Library/Application -II:/99_GitHub/WIZet_Reference/W6100/W6100_EVB/TrueStudio/W6100_Loopback/../../Libraries/io6Library/Ethernet -O0 -ffunction-sections -fdata-sections -g -fstack-usage -Wall -specs=nano.specs -o STM32F10x_StdPeriph_Driver\stm32f10x_exti.o 
arm-atollic-eabi-gcc -c ..\src\HALInit.c -mthumb -mcpu=cortex-m3 -std=gnu11 -DSTM32F10X_HD -DUSE_STDPERIPH_DRIVER -DSTM32F103VC -II:/99_GitHub/WIZet_Reference/W6100/W6100_EVB/TrueStudio/W6100_Loopback/src -II:/99_GitHub/WIZet_Reference/W6100/W6100_EVB/TrueStudio/W6100_Loopback/../../Libraries/STM32F10x_StdPeriph_Driver/inc -II:/99_GitHub/WIZet_Reference/W6100/W6100_EVB/TrueStudio/W6100_Loopback/../../Libraries/CMSIS/Device/ST/STM32F10x/Include -II:/99_GitHub/WIZet_Reference/W6100/W6100_EVB/TrueStudio/W6100_Loopback/../../Libraries/io6Library/Application/loopback -II:/99_GitHub/WIZet_Reference/W6100/W6100_EVB/TrueStudio/W6100_Loopback/../../Libraries/CMSIS/Include -II:/99_GitHub/WIZet_Reference/W6100/W6100_EVB/TrueStudio/W6100_Loopback/../../Libraries/io6Library/Ethernet/W6100 -II:/99_GitHub/WIZet_Reference/W6100/W6100_EVB/TrueStudio/W6100_Loopback/../../Libraries/io6Library/Application -II:/99_GitHub/WIZet_Reference/W6100/W6100_EVB/TrueStudio/W6100_Loopback/../../Libraries/io6Library/Ethernet -O0 -ffunction-sections -fdata-sections -g -fstack-usage -Wall -specs=nano.specs -o src\HALInit.o 
..\src\HALInit.c: In function 'gpioInitialize':
..\src\HALInit.c:123:21: warning: unused variable 'NVIC_InitStructure' [-Wunused-variable]
  NVIC_InitTypeDef   NVIC_InitStructure;
                     ^~~~~~~~~~~~~~~~~~
..\src\HALInit.c:122:21: warning: unused variable 'EXTI_InitStructure' [-Wunused-variable]
  EXTI_InitTypeDef   EXTI_InitStructure;
                     ^~~~~~~~~~~~~~~~~~
[...]
     uint8_t i;
             ^
arm-atollic-eabi-gcc -c ..\..\..\Libraries\STM32F10x_StdPeriph_Driver\src\misc.c -mthumb -mcpu=cortex-m3 -std=gnu11 -DSTM32F10X_HD -DUSE_STDPERIPH_DRIVER -DSTM32F103VC -II:/99_GitHub/WIZet_Reference/W6100/W6100_EVB/TrueStudio/W6100_Loopback/src -II:/99_GitHub/WIZet_Reference/W6100/W6100_EVB/TrueStudio/W6100_Loopback/../../Libraries/STM32F10x_StdPeriph_Driver/inc -II:/99_GitHub/WIZet_Reference/W6100/W6100_EVB/TrueStudio/W6100_Loopback/../../Libraries/CMSIS/Device/ST/STM32F10x/Include -II:/99_GitHub/WIZet_Reference/W6100/W6100_EVB/TrueStudio/W6100_Loopback/../../Libraries/io6Library/Application/loopback -II:/99_GitHub/WIZet_Reference/W6100/W6100_EVB/TrueStudio/W6100_Loopback/../../Libraries/CMSIS/Include -II:/99_GitHub/WIZet_Reference/W6100/W6100_EVB/TrueStudio/W6100_Loopback/../../Libraries/io6Library/Ethernet/W6100 -II:/99_GitHub/WIZet_Reference/W6100/W6100_EVB/TrueStudio/W6100_Loopback/../../Libraries/io6Library/Application -II:/99_GitHub/WIZet_Reference/W6100/W6100_EVB/TrueStudio/W6100_Loopback/../../Libraries/io6Library/Ethernet -O0 -ffunction-sections -fdata-sections -g -fstack-usage -Wall -specs=nano.specs -o STM32F10x_StdPeriph_Driver\misc.o 
arm-atollic-eabi-gcc -c ..\..\..\Libraries\STM32F10x_StdPeriph_Driver\src\stm32f10x_wwdg.c -mthumb -mcpu=cortex-m3 -std=gnu11 -DSTM32F10X_HD -DUSE_STDPERIPH_DRIVER -DSTM32F103VC -II:/99_GitHub/WIZet_Reference/W6100/W6100_EVB/TrueStudio/W6100_Loopback/src -II:/99_GitHub/WIZet_Reference/W6100/W6100_EVB/TrueStudio/W6100_Loopback/../../Libraries/STM32F10x_StdPeriph_Driver/inc -II:/99_GitHub/WIZet_Reference/W6100/W6100_EVB/TrueStudio/W6100_Loopback/../../Libraries/CMSIS/Device/ST/STM32F10x/Include -II:/99_GitHub/WIZet_Reference/W6100/W6100_EVB/TrueStudio/W6100_Loopback/../../Libraries/io6Library/Application/loopback -II:/99_GitHub/WIZet_Reference/W6100/W6100_EVB/TrueStudio/W6100_Loopback/../../Libraries/CMSIS/Include -II:/99_GitHub/WIZet_Reference/W6100/W6100_EVB/TrueStudio/W6100_Loopback/../../Libraries/io6Library/Ethernet/W6100 -II:/99_GitHub/WIZet_Reference/W6100/W6100_EVB/TrueStudio/W6100_Loopback/../../Libraries/io6Library/Application -II:/99_GitHub/WIZet_Reference/W6100/W6100_EVB/TrueStudio/W6100_Loopback/../../Libraries/io6Library/Ethernet -O0 -ffunction-sections -fdata-sections -g -fstack-usage -Wall -specs=nano.specs -o STM32F10x_StdPeriph_Driver\stm32f10x_wwdg.o 
arm-atollic-eabi-gcc -c ..\..\..\Libraries\STM32F10x_StdPeriph_Driver\src\stm32f10x_gpio.c -mthumb -mcpu=cortex-m3 -std=gnu11 -DSTM32F10X_HD -DUSE_STDPERIPH_DRIVER -DSTM32F103VC -II:/99_GitHub/WIZet_Reference/W6100/W6100_EVB/TrueStudio/W6100_Loopback/src -II:/99_GitHub/WIZet_Reference/W6100/W6100_EVB/TrueStudio/W6100_Loopback/../../Libraries/STM32F10x_StdPeriph_Driver/inc -II:/99_GitHub/WIZet_Reference/W6100/W6100_EVB/TrueStudio/W6100_Loopback/../../Libraries/CMSIS/Device/ST/STM32F10x/Include -II:/99_GitHub/WIZet_Reference/W6100/W6100_EVB/TrueStudio/W6100_Loopback/../../Libraries/io6Library/Application/loopback -II:/99_GitHub/WIZet_Reference/W6100/W6100_EVB/TrueStudio/W6100_Loopback/../../Libraries/CMSIS/Include -II:/99_GitHub/WIZet_Reference/W6100/W6100_EVB/TrueStudio/W6100_Loopback/../../Libraries/io6Library/Ethernet/W6100 -II:/99_GitHub/WIZet_Reference/W6100/W6100_EVB/TrueStudio/W6100_Loopback/../../Libraries/io6Library/Application -II:/99_GitHub/WIZet_Reference/W6100/W6100_EVB/TrueStudio/W6100_Loopback/../../Libraries/io6Library/Ethernet -O0 -ffunction-sections -fdata-sections -g -fstack-usage -Wall -specs=nano.specs -o STM32F10x_StdPeriph_Driver\stm32f10x_gpio.o 
arm-atollic-eabi-gcc -c ..\..\..\Libraries\STM32F10x_StdPeriph_Driver\src\stm32f10x_dbgmcu.c -mthumb -mcpu=cortex-m3 -std=gnu11 -DSTM32F10X_HD -DUSE_STDPERIPH_DRIVER -DSTM32F103VC -II:/99_GitHub/WIZet_Reference/W6100/W6100_EVB/TrueStudio/W6100_Loopback/src -II:/99_GitHub/WIZet_Reference/W6100/W6100_EVB/TrueStudio/W6100_Loopback/../../Libraries/STM32F10x_StdPeriph_Driver/inc -II:/99_GitHub/WIZet_Reference/W6100/W6100_EVB/TrueStudio/W6100_Loopback/../../Libraries/CMSIS/Device/ST/STM32F10x/Include -II:/99_GitHub/WIZet_Reference/W6100/W6100_EVB/TrueStudio/W6100_Loopback/../../Libraries/io6Library/Application/loopback -II:/99_GitHub/WIZet_Reference/W6100/W6100_EVB/TrueStudio/W6100_Loopback/../../Libraries/CMSIS/Include -II:/99_GitHub/WIZet_Reference/W6100/W6100_EVB/TrueStudio/W6100_Loopback/../../Libraries/io6Library/Ethernet/W6100 -II:/99_GitHub/WIZet_Reference/W6100/W6100_EVB/TrueStudio/W6100_Loopback/../../Libraries/io6Library/Application -II:/99_GitHub/WIZet_Reference/W6100/W6100_EVB/TrueStudio/W6100_Loopback/../../Libraries/io6Library/Ethernet -O0 -ffunction-sections -fdata-sections -g -fstack-usage -Wall -specs=nano.specs -o STM32F10x_StdPeriph_Driver\stm32f10x_dbgmcu.o 
arm-atollic-eabi-gcc -c ..\..\..\Libraries\io6Library\Ethernet\wizchip_conf.c -mthumb -mcpu=cortex-m3 -std=gnu11 -DSTM32F10X_HD -DUSE_STDPERIPH_DRIVER -DSTM32F103VC -II:/99_GitHub/WIZet_Reference/W6100/W6100_EVB/TrueStudio/W6100_Loopback/src -II:/99_GitHub/WIZet_Reference/W6100/W6100_EVB/TrueStudio/W6100_Loopback/../../Libraries/STM32F10x_StdPeriph_Driver/inc -II:/99_GitHub/WIZet_Reference/W6100/W6100_EVB/TrueStudio/W6100_Loopback/../../Libraries/CMSIS/Device/ST/STM32F10x/Include -II:/99_GitHub/WIZet_Reference/W6100/W6100_EVB/TrueStudio/W6100_Loopback/../../Libraries/io6Library/Application/loopback -II:/99_GitHub/WIZet_Reference/W6100/W6100_EVB/TrueStudio/W6100_Loopback/../../Libraries/CMSIS/Include -II:/99_GitHub/WIZet_Reference/W6100/W6100_EVB/TrueStudio/W6100_Loopback/../../Libraries/io6Library/Ethernet/W6100 -II:/99_GitHub/WIZet_Reference/W6100/W6100_EVB/TrueStudio/W6100_Loopback/../../Libraries/io6Library/Application -II:/99_GitHub/WIZet_Reference/W6100/W6100_EVB/TrueStudio/W6100_Loopback/../../Libraries/io6Library/Ethernet -O0 -ffunction-sections -fdata-sections -g -fstack-usage -Wall -specs=nano.specs -o Ethernet\wizchip_conf.o 
arm-atollic-eabi-gcc -c ..\..\..\Libraries\STM32F10x_StdPeriph_Driver\src\stm32f10x_bkp.c -mthumb -mcpu=cortex-m3 -std=gnu11 -DSTM32F10X_HD -DUSE_STDPERIPH_DRIVER -DSTM32F103VC -II:/99_GitHub/WIZet_Reference/W6100/W6100_EVB/TrueStudio/W6100_Loopback/src -II:/99_GitHub/WIZet_Reference/W6100/W6100_EVB/TrueStudio/W6100_Loopback/../../Libraries/STM32F10x_StdPeriph_Driver/inc -II:/99_GitHub/WIZet_Reference/W6100/W6100_EVB/TrueStudio/W6100_Loopback/../../Libraries/CMSIS/Device/ST/STM32F10x/Include -II:/99_GitHub/WIZet_Reference/W6100/W6100_EVB/TrueStudio/W6100_Loopback/../../Libraries/io6Library/Application/loopback -II:/99_GitHub/WIZet_Reference/W6100/W6100_EVB/TrueStudio/W6100_Loopback/../../Libraries/CMSIS/Include -II:/99_GitHub/WIZet_Reference/W6100/W6100_EVB/TrueStudio/W6100_Loopback/../../Libraries/io6Library/Ethernet/W6100 -II:/99_GitHub/WIZet_Reference/W6100/W6100_EVB/TrueStudio/W6100_Loopback/../../Libraries/io6Library/Application -II:/99_GitHub/WIZet_Reference/W6100/W6100_EVB/TrueStudio/W6100_Loopback/../../Libraries/io6Library/Ethernet -O0 -ffunction-sections -fdata-sections -g -fstack-usage -Wall -specs=nano.specs -o STM32F10x_StdPeriph_Driver\stm32f10x_bkp.o 
arm-atollic-eabi-gcc -c ..\..\..\Libraries\STM32F10x_StdPeriph_Driver\src\stm32f10x_usart.c -mthumb -mcpu=cortex-m3 -std=gnu11 -DSTM32F10X_HD -DUSE_STDPERIPH_DRIVER -DSTM32F103VC -II:/99_GitHub/WIZet_Reference/W6100/W6100_EVB/TrueStudio/W6100_Loopback/src -II:/99_GitHub/WIZet_Reference/W6100/W6100_EVB/TrueStudio/W6100_Loopback/../../Libraries/STM32F10x_StdPeriph_Driver/inc -II:/99_GitHub/WIZet_Reference/W6100/W6100_EVB/TrueStudio/W6100_Loopback/../../Libraries/CMSIS/Device/ST/STM32F10x/Include -II:/99_GitHub/WIZet_Reference/W6100/W6100_EVB/TrueStudio/W6100_Loopback/../../Libraries/io6Library/Application/loopback -II:/99_GitHub/WIZet_Reference/W6100/W6100_EVB/TrueStudio/W6100_Loopback/../../Libraries/CMSIS/Include -II:/99_GitHub/WIZet_Reference/W6100/W6100_EVB/TrueStudio/W6100_Loopback/../../Libraries/io6Library/Ethernet/W6100 -II:/99_GitHub/WIZet_Reference/W6100/W6100_EVB/TrueStudio/W6100_Loopback/../../Libraries/io6Library/Application -II:/99_GitHub/WIZet_Reference/W6100/W6100_EVB/TrueStudio/W6100_Loopback/../../Libraries/io6Library/Ethernet -O0 -ffunction-sections -fdata-sections -g -fstack-usage -Wall -specs=nano.specs -o STM32F10x_StdPeriph_Driver\stm32f10x_usart.o 
arm-atollic-eabi-gcc -c ..\..\..\Libraries\STM32F10x_StdPeriph_Driver\src\stm32f10x_iwdg.c -mthumb -mcpu=cortex-m3 -std=gnu11 -DSTM32F10X_HD -DUSE_STDPERIPH_DRIVER -DSTM32F103VC -II:/99_GitHub/WIZet_Reference/W6100/W6100_EVB/TrueStudio/W6100_Loopback/src -II:/99_GitHub/WIZet_Reference/W6100/W6100_EVB/TrueStudio/W6100_Loopback/../../Libraries/STM32F10x_StdPeriph_Driver/inc -II:/99_GitHub/WIZet_Reference/W6100/W6100_EVB/TrueStudio/W6100_Loopback/../../Libraries/CMSIS/Device/ST/STM32F10x/Include -II:/99_GitHub/WIZet_Reference/W6100/W6100_EVB/TrueStudio/W6100_Loopback/../../Libraries/io6Library/Application/loopback -II:/99_GitHub/WIZet_Reference/W6100/W6100_EVB/TrueStudio/W6100_Loopback/../../Libraries/CMSIS/Include -II:/99_GitHub/WIZet_Reference/W6100/W6100_EVB/TrueStudio/W6100_Loopback/../../Libraries/io6Library/Ethernet/W6100 -II:/99_GitHub/WIZet_Reference/W6100/W6100_EVB/TrueStudio/W6100_Loopback/../../Libraries/io6Library/Application -II:/99_GitHub/WIZet_Reference/W6100/W6100_EVB/TrueStudio/W6100_Loopback/../../Libraries/io6Library/Ethernet -O0 -ffunction-sections -fdata-sections -g -fstack-usage -Wall -specs=nano.specs -o STM32F10x_StdPeriph_Driver\stm32f10x_iwdg.o 
arm-atollic-eabi-gcc -c -mthumb -mcpu=cortex-m3 -DSTM32F10X_HD -DUSE_STDPERIPH_DRIVER -II:\99_GitHub\WIZet_Reference\W6100\W6100_EVB\TrueStudio\W6100_Loopback\src -g -Wa,--warn -x assembler-with-cpp -specs=nano.specs -o src\startup_stm32f10x_hd.o ..\src\startup_stm32f10x_hd.s 
arm-atollic-eabi-gcc -c ..\..\..\Libraries\STM32F10x_StdPeriph_Driver\src\stm32f10x_dma.c -mthumb -mcpu=cortex-m3 -std=gnu11 -DSTM32F10X_HD -DUSE_STDPERIPH_DRIVER -DSTM32F103VC -II:/99_GitHub/WIZet_Reference/W6100/W6100_EVB/TrueStudio/W6100_Loopback/src -II:/99_GitHub/WIZet_Reference/W6100/W6100_EVB/TrueStudio/W6100_Loopback/../../Libraries/STM32F10x_StdPeriph_Driver/inc -II:/99_GitHub/WIZet_Reference/W6100/W6100_EVB/TrueStudio/W6100_Loopback/../../Libraries/CMSIS/Device/ST/STM32F10x/Include -II:/99_GitHub/WIZet_Reference/W6100/W6100_EVB/TrueStudio/W6100_Loopback/../../Libraries/io6Library/Application/loopback -II:/99_GitHub/WIZet_Reference/W6100/W6100_EVB/TrueStudio/W6100_Loopback/../../Libraries/CMSIS/Include -II:/99_GitHub/WIZet_Reference/W6100/W6100_EVB/TrueStudio/W6100_Loopback/../../Libraries/io6Library/Ethernet/W6100 -II:/99_GitHub/WIZet_Reference/W6100/W6100_EVB/TrueStudio/W6100_Loopback/../../Libraries/io6Library/Application -II:/99_GitHub/WIZet_Reference/W6100/W6100_EVB/TrueStudio/W6100_Loopback/../../Libraries/io6Library/Ethernet -O0 -ffunction-sections -fdata-sections -g -fstack-usage -Wall -specs=nano.specs -o STM32F10x_StdPeriph_Driver\stm32f10x_dma.o 
arm-atollic-eabi-gcc -c ..\..\..\Libraries\STM32F10x_StdPeriph_Driver\src\stm32f10x_can.c -mthumb -mcpu=cortex-m3 -std=gnu11 -DSTM32F10X_HD -DUSE_STDPERIPH_DRIVER -DSTM32F103VC -II:/99_GitHub/WIZet_Reference/W6100/W6100_EVB/TrueStudio/W6100_Loopback/src -II:/99_GitHub/WIZet_Reference/W6100/W6100_EVB/TrueStudio/W6100_Loopback/../../Libraries/STM32F10x_StdPeriph_Driver/inc -II:/99_GitHub/WIZet_Reference/W6100/W6100_EVB/TrueStudio/W6100_Loopback/../../Libraries/CMSIS/Device/ST/STM32F10x/Include -II:/99_GitHub/WIZet_Reference/W6100/W6100_EVB/TrueStudio/W6100_Loopback/../../Libraries/io6Library/Application/loopback -II:/99_GitHub/WIZet_Reference/W6100/W6100_EVB/TrueStudio/W6100_Loopback/../../Libraries/CMSIS/Include -II:/99_GitHub/WIZet_Reference/W6100/W6100_EVB/TrueStudio/W6100_Loopback/../../Libraries/io6Library/Ethernet/W6100 -II:/99_GitHub/WIZet_Reference/W6100/W6100_EVB/TrueStudio/W6100_Loopback/../../Libraries/io6Library/Application -II:/99_GitHub/WIZet_Reference/W6100/W6100_EVB/TrueStudio/W6100_Loopback/../../Libraries/io6Library/Ethernet -O0 -ffunction-sections -fdata-sections -g -fstack-usage -Wall -specs=nano.specs -o STM32F10x_StdPeriph_Driver\stm32f10x_can.o 
arm-atollic-eabi-gcc -c ..\..\..\Libraries\STM32F10x_StdPeriph_Driver\src\stm32f10x_tim.c -mthumb -mcpu=cortex-m3 -std=gnu11 -DSTM32F10X_HD -DUSE_STDPERIPH_DRIVER -DSTM32F103VC -II:/99_GitHub/WIZet_Reference/W6100/W6100_EVB/TrueStudio/W6100_Loopback/src -II:/99_GitHub/WIZet_Reference/W6100/W6100_EVB/TrueStudio/W6100_Loopback/../../Libraries/STM32F10x_StdPeriph_Driver/inc -II:/99_GitHub/WIZet_Reference/W6100/W6100_EVB/TrueStudio/W6100_Loopback/../../Libraries/CMSIS/Device/ST/STM32F10x/Include -II:/99_GitHub/WIZet_Reference/W6100/W6100_EVB/TrueStudio/W6100_Loopback/../../Libraries/io6Library/Application/loopback -II:/99_GitHub/WIZet_Reference/W6100/W6100_EVB/TrueStudio/W6100_Loopback/../../Libraries/CMSIS/Include -II:/99_GitHub/WIZet_Reference/W6100/W6100_EVB/TrueStudio/W6100_Loopback/../../Libraries/io6Library/Ethernet/W6100 -II:/99_GitHub/WIZet_Reference/W6100/W6100_EVB/TrueStudio/W6100_Loopback/../../Libraries/io6Library/Application -II:/99_GitHub/WIZet_Reference/W6100/W6100_EVB/TrueStudio/W6100_Loopback/../../Libraries/io6Library/Ethernet -O0 -ffunction-sections -fdata-sections -g -fstack-usage -Wall -specs=nano.specs -o STM32F10x_StdPeriph_Driver\stm32f10x_tim.o 
arm-atollic-eabi-gcc -c ..\src\serialCommand.c -mthumb -mcpu=cortex-m3 -std=gnu11 -DSTM32F10X_HD -DUSE_STDPERIPH_DRIVER -DSTM32F103VC -II:/99_GitHub/WIZet_Reference/W6100/W6100_EVB/TrueStudio/W6100_Loopback/src -II:/99_GitHub/WIZet_Reference/W6100/W6100_EVB/TrueStudio/W6100_Loopback/../../Libraries/STM32F10x_StdPeriph_Driver/inc -II:/99_GitHub/WIZet_Reference/W6100/W6100_EVB/TrueStudio/W6100_Loopback/../../Libraries/CMSIS/Device/ST/STM32F10x/Include -II:/99_GitHub/WIZet_Reference/W6100/W6100_EVB/TrueStudio/W6100_Loopback/../../Libraries/io6Library/Application/loopback -II:/99_GitHub/WIZet_Reference/W6100/W6100_EVB/TrueStudio/W6100_Loopback/../../Libraries/CMSIS/Include -II:/99_GitHub/WIZet_Reference/W6100/W6100_EVB/TrueStudio/W6100_Loopback/../../Libraries/io6Library/Ethernet/W6100 -II:/99_GitHub/WIZet_Reference/W6100/W6100_EVB/TrueStudio/W6100_Loopback/../../Libraries/io6Library/Application -II:/99_GitHub/WIZet_Reference/W6100/W6100_EVB/TrueStudio/W6100_Loopback/../../Libraries/io6Library/Ethernet -O0 -ffunction-sections -fdata-sections -g -fstack-usage -Wall -specs=nano.specs -o src\serialCommand.o 
..\src\serialCommand.c: In function 'USART1_IRQHandler':
..\src\serialCommand.c:12:10: warning: unused variable 'recvData' [-Wunused-variable]
  uint8_t recvData;
          ^~~~~~~~
..\src\serialCommand.c:11:13: warning: unused variable 'flagStatus' [-Wunused-variable]
  FlagStatus flagStatus;
             ^~~~~~~~~~
..\src\serialCommand.c: In function 'gets_echo':
..\src\serialCommand.c:96:16: warning: pointer targets in passing argument 1 of 'queue_get' differ in signedness [-Wpointer-sign]
      queue_get(&buf[i]);
                ^
In file included from ..\src\serialCommand.c:4:0:
..\src\msgq.h:16:5: note: expected 'char *' but argument is of type 'uint8_t * {aka unsigned char *}'
 int queue_get(char *data);
     ^~~~~~~~~
..\src\serialCommand.c:107:16: warning: pointer targets in passing argument 2 of '_write' differ in signedness [-Wpointer-sign]
       _write(0,&buf[i],1);
                ^
..\src\serialCommand.c:49:5: note: expected 'char *' but argument is of type 'uint8_t * {aka unsigned char *}'
 int _write(int file, char *ptr, int len)
     ^~~~~~
arm-atollic-eabi-gcc -c ..\..\..\Libraries\STM32F10x_StdPeriph_Driver\src\stm32f10x_sdio.c -mthumb -mcpu=cortex-m3 -std=gnu11 -DSTM32F10X_HD -DUSE_STDPERIPH_DRIVER -DSTM32F103VC -II:/99_GitHub/WIZet_Reference/W6100/W6100_EVB/TrueStudio/W6100_Loopback/src -II:/99_GitHub/WIZet_Reference/W6100/W6100_EVB/TrueStudio/W6100_Loopback/../../Libraries/STM32F10x_StdPeriph_Driver/inc -II:/99_GitHub/WIZet_Reference/W6100/W6100_EVB/TrueStudio/W6100_Loopback/../../Libraries/CMSIS/Device/ST/STM32F10x/Include -II:/99_GitHub/WIZet_Reference/W6100/W6100_EVB/TrueStudio/W6100_Loopback/../../Libraries/io6Library/Application/loopback -II:/99_GitHub/WIZet_Reference/W6100/W6100_EVB/TrueStudio/W6100_Loopback/../../Libraries/CMSIS/Include -II:/99_GitHub/WIZet_Reference/W6100/W6100_EVB/TrueStudio/W6100_Loopback/../../Libraries/io6Library/Ethernet/W6100 -II:/99_GitHub/WIZet_Reference/W6100/W6100_EVB/TrueStudio/W6100_Loopback/../../Libraries/io6Library/Application -II:/99_GitHub/WIZet_Reference/W6100/W6100_EVB/TrueStudio/W6100_Loopback/../../Libraries/io6Library/Ethernet -O0 -ffunction-sections -fdata-sections -g -fstack-usage -Wall -specs=nano.specs -o STM32F10x_StdPeriph_Driver\stm32f10x_sdio.o 
arm-atollic-eabi-gcc -c ..\src\system_stm32f10x.c -mthumb -mcpu=cortex-m3 -std=gnu11 -DSTM32F10X_HD -DUSE_STDPERIPH_DRIVER -DSTM32F103VC -II:/99_GitHub/WIZet_Reference/W6100/W6100_EVB/TrueStudio/W6100_Loopback/src -II:/99_GitHub/WIZet_Reference/W6100/W6100_EVB/TrueStudio/W6100_Loopback/../../Libraries/STM32F10x_StdPeriph_Driver/inc -II:/99_GitHub/WIZet_Reference/W6100/W6100_EVB/TrueStudio/W6100_Loopback/../../Libraries/CMSIS/Device/ST/STM32F10x/Include -II:/99_GitHub/WIZet_Reference/W6100/W6100_EVB/TrueStudio/W6100_Loopback/../../Libraries/io6Library/Application/loopback -II:/99_GitHub/WIZet_Reference/W6100/W6100_EVB/TrueStudio/W6100_Loopback/../../Libraries/CMSIS/Include -II:/99_GitHub/WIZet_Reference/W6100/W6100_EVB/TrueStudio/W6100_Loopback/../../Libraries/io6Library/Ethernet/W6100 -II:/99_GitHub/WIZet_Reference/W6100/W6100_EVB/TrueStudio/W6100_Loopback/../../Libraries/io6Library/Application -II:/99_GitHub/WIZet_Reference/W6100/W6100_EVB/TrueStudio/W6100_Loopback/../../Libraries/io6Library/Ethernet -O0 -ffunction-sections -fdata-sections -g -fstack-usage -Wall -specs=nano.specs -o src\system_stm32f10x.o 
arm-atollic-eabi-gcc -o W6100_Loopback.elf Ethernet\W6100\w6100.o Ethernet\socket.o Ethernet\wizchip_conf.o STM32F10x_StdPeriph_Driver\misc.o STM32F10x_StdPeriph_Driver\stm32f10x_adc.o STM32F10x_StdPeriph_Driver\stm32f10x_bkp.o STM32F10x_StdPeriph_Driver\stm32f10x_can.o STM32F10x_StdPeriph_Driver\stm32f10x_cec.o STM32F10x_StdPeriph_Driver\stm32f10x_crc.o STM32F10x_StdPeriph_Driver\stm32f10x_dac.o STM32F10x_StdPeriph_Driver\stm32f10x_dbgmcu.o STM32F10x_StdPeriph_Driver\stm32f10x_dma.o STM32F10x_StdPeriph_Driver\stm32f10x_exti.o STM32F10x_StdPeriph_Driver\stm32f10x_flash.o STM32F10x_StdPeriph_Driver\stm32f10x_fsmc.o STM32F10x_StdPeriph_Driver\stm32f10x_gpio.o STM32F10x_StdPeriph_Driver\stm32f10x_i2c.o STM32F10x_StdPeriph_Driver\stm32f10x_iwdg.o STM32F10x_StdPeriph_Driver\stm32f10x_pwr.o STM32F10x_StdPeriph_Driver\stm32f10x_rcc.o STM32F10x_StdPeriph_Driver\stm32f10x_rtc.o STM32F10x_StdPeriph_Driver\stm32f10x_sdio.o STM32F10x_StdPeriph_Driver\stm32f10x_spi.o STM32F10x_StdPeriph_Driver\stm32f10x_tim.o STM32F10x_StdPeriph_Driver\stm32f10x_usart.o STM32F10x_StdPeriph_Driver\stm32f10x_wwdg.o loopback\loopback.o src\HALInit.o src\W6100RelFunctions.o src\main.o src\msgq.o src\serialCommand.o src\startup_stm32f10x_hd.o src\system_stm32f10x.o -mthumb -mcpu=cortex-m3 -T../Debug_STM32F103VC_FLASH.ld -specs=nosys.specs -static -Wl,-cref,-u,Reset_Handler -Wl,-Map=W6100_Loopback.map -Wl,--gc-sections -Wl,--defsym=malloc_getpagesize_P=0x80 -Wl,--start-group -lc -lm -Wl,--end-group -specs=nano.specs 
C:\Program Files (x86)\Atollic\TrueSTUDIO for STM32 9.0.1\ide\jre\bin\java -jar C:\Program Files (x86)\Atollic\TrueSTUDIO for STM32 9.0.1\Tools\arm-atollic-reports.jar convert-binary sizeinfo list W6100_Loopback.elf 
Generate build reports...
Converting build output to binary
Output sent to: W6100_Loopback.binary
Converting build output to binary done
Print size information
   text	   data	    bss	    dec	    hex	filename
  23456	    296	  33656	  57408	   e040	W6100_Loopback.elf
Print size information done
Generate listing file
Output sent to: W6100_Loopback.list
Generate listing file done
Generate build reports done
